Archive member included to satisfy reference by file (symbol)

/home/kovoya_mint/toolchain_arm/arm-gnu-toolchain-13.2.Rel1-x86_64-arm-none-eabi/bin/../lib/gcc/arm-none-eabi/13.2.1/thumb/v6-m/nofp/libgcc.a(_udivsi3.o)
                              CMakeFiles/UART_callbacks.elf.dir/Core/Src/system_stm32f0xx.c.obj (__aeabi_uidiv)
/home/kovoya_mint/toolchain_arm/arm-gnu-toolchain-13.2.Rel1-x86_64-arm-none-eabi/bin/../lib/gcc/arm-none-eabi/13.2.1/thumb/v6-m/nofp/libgcc.a(_dvmd_tls.o)
                              /home/kovoya_mint/toolchain_arm/arm-gnu-toolchain-13.2.Rel1-x86_64-arm-none-eabi/bin/../lib/gcc/arm-none-eabi/13.2.1/thumb/v6-m/nofp/libgcc.a(_udivsi3.o) (__aeabi_idiv0)
/home/kovoya_mint/toolchain_arm/arm-gnu-toolchain-13.2.Rel1-x86_64-arm-none-eabi/bin/../lib/gcc/arm-none-eabi/13.2.1/../../../../arm-none-eabi/lib/thumb/v6-m/nofp/libg.a(libc_a-exit.o)
                              /home/kovoya_mint/toolchain_arm/arm-gnu-toolchain-13.2.Rel1-x86_64-arm-none-eabi/bin/../lib/gcc/arm-none-eabi/13.2.1/../../../../arm-none-eabi/lib/thumb/v6-m/nofp/crt0.o (exit)
/home/kovoya_mint/toolchain_arm/arm-gnu-toolchain-13.2.Rel1-x86_64-arm-none-eabi/bin/../lib/gcc/arm-none-eabi/13.2.1/../../../../arm-none-eabi/lib/thumb/v6-m/nofp/libg.a(libc_a-errno.o)
                              CMakeFiles/UART_callbacks.elf.dir/Core/Src/syscalls.c.obj (__errno)
/home/kovoya_mint/toolchain_arm/arm-gnu-toolchain-13.2.Rel1-x86_64-arm-none-eabi/bin/../lib/gcc/arm-none-eabi/13.2.1/../../../../arm-none-eabi/lib/thumb/v6-m/nofp/libg.a(libc_a-__call_atexit.o)
                              /home/kovoya_mint/toolchain_arm/arm-gnu-toolchain-13.2.Rel1-x86_64-arm-none-eabi/bin/../lib/gcc/arm-none-eabi/13.2.1/../../../../arm-none-eabi/lib/thumb/v6-m/nofp/libg.a(libc_a-exit.o) (__call_exitprocs)
/home/kovoya_mint/toolchain_arm/arm-gnu-toolchain-13.2.Rel1-x86_64-arm-none-eabi/bin/../lib/gcc/arm-none-eabi/13.2.1/../../../../arm-none-eabi/lib/thumb/v6-m/nofp/libg.a(libc_a-memset.o)
                              /home/kovoya_mint/toolchain_arm/arm-gnu-toolchain-13.2.Rel1-x86_64-arm-none-eabi/bin/../lib/gcc/arm-none-eabi/13.2.1/../../../../arm-none-eabi/lib/thumb/v6-m/nofp/crt0.o (memset)
/home/kovoya_mint/toolchain_arm/arm-gnu-toolchain-13.2.Rel1-x86_64-arm-none-eabi/bin/../lib/gcc/arm-none-eabi/13.2.1/../../../../arm-none-eabi/lib/thumb/v6-m/nofp/libg.a(libc_a-init.o)
                              /home/kovoya_mint/toolchain_arm/arm-gnu-toolchain-13.2.Rel1-x86_64-arm-none-eabi/bin/../lib/gcc/arm-none-eabi/13.2.1/../../../../arm-none-eabi/lib/thumb/v6-m/nofp/crt0.o (__libc_init_array)
/home/kovoya_mint/toolchain_arm/arm-gnu-toolchain-13.2.Rel1-x86_64-arm-none-eabi/bin/../lib/gcc/arm-none-eabi/13.2.1/../../../../arm-none-eabi/lib/thumb/v6-m/nofp/libg.a(libc_a-fini.o)
                              /home/kovoya_mint/toolchain_arm/arm-gnu-toolchain-13.2.Rel1-x86_64-arm-none-eabi/bin/../lib/gcc/arm-none-eabi/13.2.1/../../../../arm-none-eabi/lib/thumb/v6-m/nofp/libg.a(libc_a-__call_atexit.o) (__libc_fini_array)
/home/kovoya_mint/toolchain_arm/arm-gnu-toolchain-13.2.Rel1-x86_64-arm-none-eabi/bin/../lib/gcc/arm-none-eabi/13.2.1/../../../../arm-none-eabi/lib/thumb/v6-m/nofp/libg.a(libc_a-lock.o)
                              /home/kovoya_mint/toolchain_arm/arm-gnu-toolchain-13.2.Rel1-x86_64-arm-none-eabi/bin/../lib/gcc/arm-none-eabi/13.2.1/../../../../arm-none-eabi/lib/thumb/v6-m/nofp/libg.a(libc_a-__call_atexit.o) (__retarget_lock_acquire_recursive)
/home/kovoya_mint/toolchain_arm/arm-gnu-toolchain-13.2.Rel1-x86_64-arm-none-eabi/bin/../lib/gcc/arm-none-eabi/13.2.1/../../../../arm-none-eabi/lib/thumb/v6-m/nofp/libg.a(libc_a-atexit.o)
                              /home/kovoya_mint/toolchain_arm/arm-gnu-toolchain-13.2.Rel1-x86_64-arm-none-eabi/bin/../lib/gcc/arm-none-eabi/13.2.1/../../../../arm-none-eabi/lib/thumb/v6-m/nofp/libg.a(libc_a-__call_atexit.o) (atexit)
/home/kovoya_mint/toolchain_arm/arm-gnu-toolchain-13.2.Rel1-x86_64-arm-none-eabi/bin/../lib/gcc/arm-none-eabi/13.2.1/../../../../arm-none-eabi/lib/thumb/v6-m/nofp/libg.a(libc_a-impure.o)
                              /home/kovoya_mint/toolchain_arm/arm-gnu-toolchain-13.2.Rel1-x86_64-arm-none-eabi/bin/../lib/gcc/arm-none-eabi/13.2.1/../../../../arm-none-eabi/lib/thumb/v6-m/nofp/libg.a(libc_a-errno.o) (_impure_ptr)
/home/kovoya_mint/toolchain_arm/arm-gnu-toolchain-13.2.Rel1-x86_64-arm-none-eabi/bin/../lib/gcc/arm-none-eabi/13.2.1/../../../../arm-none-eabi/lib/thumb/v6-m/nofp/libg.a(libc_a-findfp.o)
                              /home/kovoya_mint/toolchain_arm/arm-gnu-toolchain-13.2.Rel1-x86_64-arm-none-eabi/bin/../lib/gcc/arm-none-eabi/13.2.1/../../../../arm-none-eabi/lib/thumb/v6-m/nofp/libg.a(libc_a-impure.o) (__sf)
/home/kovoya_mint/toolchain_arm/arm-gnu-toolchain-13.2.Rel1-x86_64-arm-none-eabi/bin/../lib/gcc/arm-none-eabi/13.2.1/../../../../arm-none-eabi/lib/thumb/v6-m/nofp/libg.a(libc_a-stdio.o)
[...]
Memory Configuration

Name             Origin             Length             Attributes
RAM              0x20000000         0x00002000         xrw
FLASH            0x08000000         0x00010000         xr
*default*        0x00000000         0xffffffff

Linker script and memory map

LOAD /home/kovoya_mint/toolchain_arm/arm-gnu-toolchain-13.2.Rel1-x86_64-arm-none-eabi/bin/../lib/gcc/arm-none-eabi/13.2.1/thumb/v6-m/nofp/crti.o
LOAD /home/kovoya_mint/toolchain_arm/arm-gnu-toolchain-13.2.Rel1-x86_64-arm-none-eabi/bin/../lib/gcc/arm-none-eabi/13.2.1/thumb/v6-m/nofp/crtbegin.o
LOAD /home/kovoya_mint/toolchain_arm/arm-gnu-toolchain-13.2.Rel1-x86_64-arm-none-eabi/bin/../lib/gcc/arm-none-eabi/13.2.1/../../../../arm-none-eabi/lib/thumb/v6-m/nofp/crt0.o
LOAD CMakeFiles/UART_callbacks.elf.dir/Core/Src/main.c.obj
LOAD CMakeFiles/UART_callbacks.elf.dir/Core/Src/stm32f0xx_hal_msp.c.obj
LOAD CMakeFiles/UART_callbacks.elf.dir/Core/Src/stm32f0xx_it.c.obj
LOAD CMakeFiles/UART_callbacks.elf.dir/Core/Src/syscalls.c.obj
LOAD CMakeFiles/UART_callbacks.elf.dir/Core/Src/sysmem.c.obj
LOAD CMakeFiles/UART_callbacks.elf.dir/Core/Src/system_stm32f0xx.c.obj
LOAD CMakeFiles/UART_callbacks.elf.dir/Core/Startup/startup_stm32f030r8tx.s.obj
LOAD CMakeFiles/UART_callbacks.elf.dir/Drivers/STM32F0xx_HAL_Driver/Src/stm32f0xx_hal.c.obj
LOAD CMakeFiles/UART_callbacks.elf.dir/Drivers/STM32F0xx_HAL_Driver/Src/stm32f0xx_hal_cortex.c.obj
LOAD CMakeFiles/UART_callbacks.elf.dir/Drivers/STM32F0xx_HAL_Driver/Src/stm32f0xx_hal_dma.c.obj
LOAD CMakeFiles/UART_callbacks.elf.dir/Drivers/STM32F0xx_HAL_Driver/Src/stm32f0xx_hal_exti.c.obj
LOAD CMakeFiles/UART_callbacks.elf.dir/Drivers/STM32F0xx_HAL_Driver/Src/stm32f0xx_hal_flash.c.obj
LOAD CMakeFiles/UART_callbacks.elf.dir/Drivers/STM32F0xx_HAL_Driver/Src/stm32f0xx_hal_flash_ex.c.obj
LOAD CMakeFiles/UART_callbacks.elf.dir/Drivers/STM32F0xx_HAL_Driver/Src/stm32f0xx_hal_gpio.c.obj
LOAD CMakeFiles/UART_callbacks.elf.dir/Drivers/STM32F0xx_HAL_Driver/Src/stm32f0xx_hal_i2c.c.obj
LOAD CMakeFiles/UART_callbacks.elf.dir/Drivers/STM32F0xx_HAL_Driver/Src/stm32f0xx_hal_i2c_ex.c.obj
LOAD CMakeFiles/UART_callbacks.elf.dir/Drivers/STM32F0xx_HAL_Driver/Src/stm32f0xx_hal_pwr.c.obj
LOAD CMakeFiles/UART_callbacks.elf.dir/Drivers/STM32F0xx_HAL_Driver/Src/stm32f0xx_hal_pwr_ex.c.obj
LOAD CMakeFiles/UART_callbacks.elf.dir/Drivers/STM32F0xx_HAL_Driver/Src/stm32f0xx_hal_rcc.c.obj
LOAD CMakeFiles/UART_callbacks.elf.dir/Drivers/STM32F0xx_HAL_Driver/Src/stm32f0xx_hal_rcc_ex.c.obj
LOAD CMakeFiles/UART_callbacks.elf.dir/Drivers/STM32F0xx_HAL_Driver/Src/stm32f0xx_hal_tim.c.obj
LOAD CMakeFiles/UART_callbacks.elf.dir/Drivers/STM32F0xx_HAL_Driver/Src/stm32f0xx_hal_tim_ex.c.obj
LOAD CMakeFiles/UART_callbacks.elf.dir/Drivers/STM32F0xx_HAL_Driver/Src/stm32f0xx_hal_uart.c.obj
LOAD CMakeFiles/UART_callbacks.elf.dir/Drivers/STM32F0xx_HAL_Driver/Src/stm32f0xx_hal_uart_ex.c.obj
START GROUP
LOAD /home/kovoya_mint/toolchain_arm/arm-gnu-toolchain-13.2.Rel1-x86_64-arm-none-eabi/bin/../lib/gcc/arm-none-eabi/13.2.1/thumb/v6-m/nofp/libgcc.a
LOAD /home/kovoya_mint/toolchain_arm/arm-gnu-toolchain-13.2.Rel1-x86_64-arm-none-eabi/bin/../lib/gcc/arm-none-eabi/13.2.1/../../../../arm-none-eabi/lib/thumb/v6-m/nofp/libg.a
LOAD /home/kovoya_mint/toolchain_arm/arm-gnu-toolchain-13.2.Rel1-x86_64-arm-none-eabi/bin/../lib/gcc/arm-none-eabi/13.2.1/../../../../arm-none-eabi/lib/thumb/v6-m/nofp/libc.a
END GROUP
LOAD /home/kovoya_mint/toolchain_arm/arm-gnu-toolchain-13.2.Rel1-x86_64-arm-none-eabi/bin/../lib/gcc/arm-none-eabi/13.2.1/thumb/v6-m/nofp/crtend.o
LOAD /home/kovoya_mint/toolchain_arm/arm-gnu-toolchain-13.2.Rel1-x86_64-arm-none-eabi/bin/../lib/gcc/arm-none-eabi/13.2.1/thumb/v6-m/nofp/crtn.o
                0x20002000                        _estack = (ORIGIN (RAM) + LENGTH (RAM))
                0x00000200                        _Min_Heap_Size = 0x200
                0x00000400                        _Min_Stack_Size = 0x400

.isr_vector     0x08000000       0xc0
                0x08000000                        . = ALIGN (0x4)
 *(.isr_vector)
 .isr_vector    0x08000000       0xc0 CMakeFiles/UART_callbacks.elf.dir/Core/Startup/startup_stm32f030r8tx.s.obj
                0x08000000                g_pfnVectors
                0x080000c0                        . = ALIGN (0x4)

.text           0x080000c0     0x1f10
                0x080000c0                        . = ALIGN (0x4)
 *(.text)
 .text          0x080000c0      0x114 /home/kovoya_mint/toolchain_arm/arm-gnu-toolchain-13.2.Rel1-x86_64-arm-none-eabi/bin/../lib/gcc/arm-none-eabi/13.2.1/thumb/v6-m/nofp/libgcc.a(_udivsi3.o)
                0x080000c0                __udivsi3
                0x080000c0                __aeabi_uidiv
                0x080001cc                __aeabi_uidivmod
 .text          0x080001d4        0x4 /home/kovoya_mint/toolchain_arm/arm-gnu-toolchain-13.2.Rel1-x86_64-arm-none-eabi/bin/../lib/gcc/arm-none-eabi/13.2.1/thumb/v6-m/nofp/libgcc.a(_dvmd_tls.o)
                0x080001d4                __aeabi_ldiv0
                0x080001d4                __aeabi_idiv0
 *(.text*)
 .text.deregister_tm_clones
                0x080001d8       0x20 /home/kovoya_mint/toolchain_arm/arm-gnu-toolchain-13.2.Rel1-x86_64-arm-none-eabi/bin/../lib/gcc/arm-none-eabi/13.2.1/thumb/v6-m/nofp/crtbegin.o
 .text.register_tm_clones
                0x080001f8       0x28 /home/kovoya_mint/toolchain_arm/arm-gnu-toolchain-13.2.Rel1-x86_64-arm-none-eabi/bin/../lib/gcc/arm-none-eabi/13.2.1/thumb/v6-m/nofp/crtbegin.o
 .text.__do_global_dtors_aux
                0x08000220       0x2c /home/kovoya_mint/toolchain_arm/arm-gnu-toolchain-13.2.Rel1-x86_64-arm-none-eabi/bin/../lib/gcc/arm-none-eabi/13.2.1/thumb/v6-m/nofp/crtbegin.o
 .text.frame_dummy
                0x0800024c       0x24 /home/kovoya_mint/toolchain_arm/arm-gnu-toolchain-13.2.Rel1-x86_64-arm-none-eabi/bin/../lib/gcc/arm-none-eabi/13.2.1/thumb/v6-m/nofp/crtbegin.o
 .text.MX_DMA_Init
                0x08000270       0x30 CMakeFiles/UART_callbacks.elf.dir/Core/Src/main.c.obj
 .text.MX_GPIO_Init
                0x080002a0       0x8c CMakeFiles/UART_callbacks.elf.dir/Core/Src/main.c.obj
 .text.myCallback
                0x0800032c       0x50 CMakeFiles/UART_callbacks.elf.dir/Core/Src/main.c.obj
                0x0800032c                myCallback
 .text.Error_Handler
                0x0800037c        0x4 CMakeFiles/UART_callbacks.elf.dir/Core/Src/main.c.obj
                0x0800037c                Error_Handler
 .text.MX_USART2_UART_Init
                0x08000380       0x38 CMakeFiles/UART_callbacks.elf.dir/Core/Src/main.c.obj
 .text.SystemClock_Config
                0x080003b8       0x5c CMakeFiles/UART_callbacks.elf.dir/Core/Src/main.c.obj
                0x080003b8                SystemClock_Config
 .text.main     0x08000414       0x60 CMakeFiles/UART_callbacks.elf.dir/Core/Src/main.c.obj
                0x08000414                main
 .text.HAL_MspInit
                0x08000474       0x30 CMakeFiles/UART_callbacks.elf.dir/Core/Src/stm32f0xx_hal_msp.c.obj
                0x08000474                HAL_MspInit
 .text.HAL_UART_MspInit
                0x080004a4       0xa4 CMakeFiles/UART_callbacks.elf.dir/Core/Src/stm32f0xx_hal_msp.c.obj
                0x080004a4                HAL_UART_MspInit
 .text.NMI_Handler
                0x08000548        0x2 CMakeFiles/UART_callbacks.elf.dir/Core/Src/stm32f0xx_it.c.obj
                0x08000548                NMI_Handler
 .text.HardFault_Handler
                0x0800054a        0x2 CMakeFiles/UART_callbacks.elf.dir/Core/Src/stm32f0xx_it.c.obj
                0x0800054a                HardFault_Handler
 .text.SVC_Handler
                0x0800054c        0x2 CMakeFiles/UART_callbacks.elf.dir/Core/Src/stm32f0xx_it.c.obj
                0x0800054c                SVC_Handler
 .text.PendSV_Handler
                0x0800054e        0x2 CMakeFiles/UART_callbacks.elf.dir/Core/Src/stm32f0xx_it.c.obj
                0x0800054e                PendSV_Handler
 .text.SysTick_Handler
                0x08000550        0x8 CMakeFiles/UART_callbacks.elf.dir/Core/Src/stm32f0xx_it.c.obj
                0x08000550                SysTick_Handler
 .text.DMA1_Channel4_5_IRQHandler
                0x08000558       0x10 CMakeFiles/UART_callbacks.elf.dir/Core/Src/stm32f0xx_it.c.obj
                0x08000558                DMA1_Channel4_5_IRQHandler
 .text.USART2_IRQHandler
                0x08000568       0x10 CMakeFiles/UART_callbacks.elf.dir/Core/Src/stm32f0xx_it.c.obj
                0x08000568                USART2_IRQHandler
 .text.SystemInit
                0x08000578        0x2 CMakeFiles/UART_callbacks.elf.dir/Core/Src/system_stm32f0xx.c.obj
                0x08000578                SystemInit
 *fill*         0x0800057a        0x2 
 .text.Reset_Handler
                0x0800057c       0x50 CMakeFiles/UART_callbacks.elf.dir/Core/Startup/startup_stm32f030r8tx.s.obj
                0x0800057c                Reset_Handler
 .text.Default_Handler
                0x080005cc        0x2 CMakeFiles/UART_callbacks.elf.dir/Core/Startup/startup_stm32f030r8tx.s.obj
                0x080005cc                TIM1_CC_IRQHandler
                0x080005cc                TIM6_IRQHandler
                0x080005cc                I2C1_IRQHandler
                0x080005cc                SPI1_IRQHandler
                0x080005cc                EXTI2_3_IRQHandler
                0x080005cc                ADC1_IRQHandler
                0x080005cc                I2C2_IRQHandler
                0x080005cc                TIM17_IRQHandler
                0x080005cc                RTC_IRQHandler
                0x080005cc                TIM16_IRQHandler
                0x080005cc                TIM3_IRQHandler
                0x080005cc                EXTI4_15_IRQHandler
                0x080005cc                RCC_IRQHandler
                0x080005cc                DMA1_Channel1_IRQHandler
                0x080005cc                Default_Handler
                0x080005cc                TIM14_IRQHandler
                0x080005cc                TIM15_IRQHandler
                0x080005cc                EXTI0_1_IRQHandler
                0x080005cc                SPI2_IRQHandler
                0x080005cc                WWDG_IRQHandler
                0x080005cc                DMA1_Channel2_3_IRQHandler
                0x080005cc                FLASH_IRQHandler
                0x080005cc                USART1_IRQHandler
                0x080005cc                TIM1_BRK_UP_TRG_COM_IRQHandler
 *fill*         0x080005ce        0x2 
 .text.HAL_InitTick
                0x080005d0       0x50 CMakeFiles/UART_callbacks.elf.dir/Drivers/STM32F0xx_HAL_Driver/Src/stm32f0xx_hal.c.obj
                0x080005d0                HAL_InitTick
 .text.HAL_Init
                0x08000620       0x20 CMakeFiles/UART_callbacks.elf.dir/Drivers/STM32F0xx_HAL_Driver/Src/stm32f0xx_hal.c.obj
                0x08000620                HAL_Init
 .text.HAL_IncTick
                0x08000640       0x18 CMakeFiles/UART_callbacks.elf.dir/Drivers/STM32F0xx_HAL_Driver/Src/stm32f0xx_hal.c.obj
                0x08000640                HAL_IncTick
 .text.HAL_GetTick
                0x08000658        0xc CMakeFiles/UART_callbacks.elf.dir/Drivers/STM32F0xx_HAL_Driver/Src/stm32f0xx_hal.c.obj
                0x08000658                HAL_GetTick
 .text.__NVIC_SetPriority
                0x08000664       0x60 CMakeFiles/UART_callbacks.elf.dir/Drivers/STM32F0xx_HAL_Driver/Src/stm32f0xx_hal_cortex.c.obj
 .text.SysTick_Config
                0x080006c4       0x38 CMakeFiles/UART_callbacks.elf.dir/Drivers/STM32F0xx_HAL_Driver/Src/stm32f0xx_hal_cortex.c.obj
 .text.HAL_NVIC_SetPriority
                0x080006fc        0x8 CMakeFiles/UART_callbacks.elf.dir/Drivers/STM32F0xx_HAL_Driver/Src/stm32f0xx_hal_cortex.c.obj
                0x080006fc                HAL_NVIC_SetPriority
 .text.HAL_NVIC_EnableIRQ
                0x08000704       0x18 CMakeFiles/UART_callbacks.elf.dir/Drivers/STM32F0xx_HAL_Driver/Src/stm32f0xx_hal_cortex.c.obj
                0x08000704                HAL_NVIC_EnableIRQ
 .text.HAL_SYSTICK_Config
                0x0800071c        0x8 CMakeFiles/UART_callbacks.elf.dir/Drivers/STM32F0xx_HAL_Driver/Src/stm32f0xx_hal_cortex.c.obj
                0x0800071c                HAL_SYSTICK_Config
 .text.DMA_CalcBaseAndBitshift
                0x08000724       0x24 CMakeFiles/UART_callbacks.elf.dir/Drivers/STM32F0xx_HAL_Driver/Src/stm32f0xx_hal_dma.c.obj
 .text.HAL_DMA_Init
                0x08000748       0x50 CMakeFiles/UART_callbacks.elf.dir/Drivers/STM32F0xx_HAL_Driver/Src/stm32f0xx_hal_dma.c.obj
                0x08000748                HAL_DMA_Init
 .text.HAL_DMA_Abort
                0x08000798       0x44 CMakeFiles/UART_callbacks.elf.dir/Drivers/STM32F0xx_HAL_Driver/Src/stm32f0xx_hal_dma.c.obj
                0x08000798                HAL_DMA_Abort
 .text.HAL_DMA_Abort_IT
                0x080007dc       0x4a CMakeFiles/UART_callbacks.elf.dir/Drivers/STM32F0xx_HAL_Driver/Src/stm32f0xx_hal_dma.c.obj
                0x080007dc                HAL_DMA_Abort_IT
 .text.HAL_DMA_IRQHandler
                0x08000826       0xaa CMakeFiles/UART_callbacks.elf.dir/Drivers/STM32F0xx_HAL_Driver/Src/stm32f0xx_hal_dma.c.obj
                0x08000826                HAL_DMA_IRQHandler
 .text.HAL_GPIO_Init
                0x080008d0      0x188 CMakeFiles/UART_callbacks.elf.dir/Drivers/STM32F0xx_HAL_Driver/Src/stm32f0xx_hal_gpio.c.obj
                0x080008d0                HAL_GPIO_Init
 .text.HAL_GPIO_WritePin
                0x08000a58        0xc CMakeFiles/UART_callbacks.elf.dir/Drivers/STM32F0xx_HAL_Driver/Src/stm32f0xx_hal_gpio.c.obj
                0x08000a58                HAL_GPIO_WritePin
 .text.HAL_RCC_OscConfig
                0x08000a64      0x49c CMakeFiles/UART_callbacks.elf.dir/Drivers/STM32F0xx_HAL_Driver/Src/stm32f0xx_hal_rcc.c.obj
                0x08000a64                HAL_RCC_OscConfig
 .text.HAL_RCC_GetSysClockFreq
                0x08000f00       0x54 CMakeFiles/UART_callbacks.elf.dir/Drivers/STM32F0xx_HAL_Driver/Src/stm32f0xx_hal_rcc.c.obj
                0x08000f00                HAL_RCC_GetSysClockFreq
 .text.HAL_RCC_ClockConfig
                0x08000f54      0x134 CMakeFiles/UART_callbacks.elf.dir/Drivers/STM32F0xx_HAL_Driver/Src/stm32f0xx_hal_rcc.c.obj
                0x08000f54                HAL_RCC_ClockConfig
 .text.HAL_RCC_GetHCLKFreq
                0x08001088        0xc CMakeFiles/UART_callbacks.elf.dir/Drivers/STM32F0xx_HAL_Driver/Src/stm32f0xx_hal_rcc.c.obj
                0x08001088                HAL_RCC_GetHCLKFreq
 .text.HAL_RCC_GetPCLK1Freq
                0x08001094       0x20 CMakeFiles/UART_callbacks.elf.dir/Drivers/STM32F0xx_HAL_Driver/Src/stm32f0xx_hal_rcc.c.obj
                0x08001094                HAL_RCC_GetPCLK1Freq
 .text.HAL_UART_TxCpltCallback
                0x080010b4        0x2 CMakeFiles/UART_callbacks.elf.dir/Drivers/STM32F0xx_HAL_Driver/Src/stm32f0xx_hal_uart.c.obj
                0x080010b4                HAL_UART_TxCpltCallback
 .text.HAL_UART_TxHalfCpltCallback
                0x080010b6        0x2 CMakeFiles/UART_callbacks.elf.dir/Drivers/STM32F0xx_HAL_Driver/Src/stm32f0xx_hal_uart.c.obj
                0x080010b6                HAL_UART_TxHalfCpltCallback
 .text.HAL_UART_RxCpltCallback
                0x080010b8        0x2 CMakeFiles/UART_callbacks.elf.dir/Drivers/STM32F0xx_HAL_Driver/Src/stm32f0xx_hal_uart.c.obj
                0x080010b8                HAL_UART_RxCpltCallback
 .text.HAL_UART_RxHalfCpltCallback
                0x080010ba        0x2 CMakeFiles/UART_callbacks.elf.dir/Drivers/STM32F0xx_HAL_Driver/Src/stm32f0xx_hal_uart.c.obj
                0x080010ba                HAL_UART_RxHalfCpltCallback
 .text.HAL_UART_ErrorCallback
                0x080010bc        0x2 CMakeFiles/UART_callbacks.elf.dir/Drivers/STM32F0xx_HAL_Driver/Src/stm32f0xx_hal_uart.c.obj
                0x080010bc                HAL_UART_ErrorCallback
 .text.HAL_UART_AbortCpltCallback
                0x080010be        0x2 CMakeFiles/UART_callbacks.elf.dir/Drivers/STM32F0xx_HAL_Driver/Src/stm32f0xx_hal_uart.c.obj
                0x080010be                HAL_UART_AbortCpltCallback
 .text.HAL_UART_AbortTransmitCpltCallback
                0x080010c0        0x2 CMakeFiles/UART_callbacks.elf.dir/Drivers/STM32F0xx_HAL_Driver/Src/stm32f0xx_hal_uart.c.obj
                0x080010c0                HAL_UART_AbortTransmitCpltCallback
 .text.HAL_UART_AbortReceiveCpltCallback
                0x080010c2        0x2 CMakeFiles/UART_callbacks.elf.dir/Drivers/STM32F0xx_HAL_Driver/Src/stm32f0xx_hal_uart.c.obj
                0x080010c2                HAL_UART_AbortReceiveCpltCallback
 .text.HAL_UARTEx_RxEventCallback
                0x080010c4        0x2 CMakeFiles/UART_callbacks.elf.dir/Drivers/STM32F0xx_HAL_Driver/Src/stm32f0xx_hal_uart.c.obj
                0x080010c4                HAL_UARTEx_RxEventCallback
 *fill*         0x080010c6        0x2 
 .text.UART_EndRxTransfer
                0x080010c8       0x60 CMakeFiles/UART_callbacks.elf.dir/Drivers/STM32F0xx_HAL_Driver/Src/stm32f0xx_hal_uart.c.obj
 .text.UART_DMAAbortOnError
                0x08001128       0x16 CMakeFiles/UART_callbacks.elf.dir/Drivers/STM32F0xx_HAL_Driver/Src/stm32f0xx_hal_uart.c.obj
 .text.UART_TxISR_8BIT
                0x0800113e       0x5e CMakeFiles/UART_callbacks.elf.dir/Drivers/STM32F0xx_HAL_Driver/Src/stm32f0xx_hal_uart.c.obj
 .text.UART_TxISR_16BIT
                0x0800119c       0x62 CMakeFiles/UART_callbacks.elf.dir/Drivers/STM32F0xx_HAL_Driver/Src/stm32f0xx_hal_uart.c.obj
 .text.UART_EndTransmit_IT
                0x080011fe       0x2a CMakeFiles/UART_callbacks.elf.dir/Drivers/STM32F0xx_HAL_Driver/Src/stm32f0xx_hal_uart.c.obj
 .text.UART_RxISR_8BIT
                0x08001228       0xe0 CMakeFiles/UART_callbacks.elf.dir/Drivers/STM32F0xx_HAL_Driver/Src/stm32f0xx_hal_uart.c.obj
 .text.UART_RxISR_16BIT
                0x08001308       0xdc CMakeFiles/UART_callbacks.elf.dir/Drivers/STM32F0xx_HAL_Driver/Src/stm32f0xx_hal_uart.c.obj
 .text.HAL_UART_RegisterCallback
                0x080013e4       0xc4 CMakeFiles/UART_callbacks.elf.dir/Drivers/STM32F0xx_HAL_Driver/Src/stm32f0xx_hal_uart.c.obj
                0x080013e4                HAL_UART_RegisterCallback
 .text.HAL_UART_Transmit_IT
                0x080014a8       0x88 CMakeFiles/UART_callbacks.elf.dir/Drivers/STM32F0xx_HAL_Driver/Src/stm32f0xx_hal_uart.c.obj
                0x080014a8                HAL_UART_Transmit_IT
 .text.HAL_UART_IRQHandler
                0x08001530      0x2c4 CMakeFiles/UART_callbacks.elf.dir/Drivers/STM32F0xx_HAL_Driver/Src/stm32f0xx_hal_uart.c.obj
                0x08001530                HAL_UART_IRQHandler
 .text.UART_InitCallbacksToDefault
                0x080017f4       0x5c CMakeFiles/UART_callbacks.elf.dir/Drivers/STM32F0xx_HAL_Driver/Src/stm32f0xx_hal_uart.c.obj
                0x080017f4                UART_InitCallbacksToDefault
 .text.UART_SetConfig
                0x08001850      0x170 CMakeFiles/UART_callbacks.elf.dir/Drivers/STM32F0xx_HAL_Driver/Src/stm32f0xx_hal_uart.c.obj
                0x08001850                UART_SetConfig
 .text.UART_AdvFeatureConfig
                0x080019c0       0xe0 CMakeFiles/UART_callbacks.elf.dir/Drivers/STM32F0xx_HAL_Driver/Src/stm32f0xx_hal_uart.c.obj
                0x080019c0                UART_AdvFeatureConfig
 .text.UART_WaitOnFlagUntilTimeout
                0x08001aa0       0x96 CMakeFiles/UART_callbacks.elf.dir/Drivers/STM32F0xx_HAL_Driver/Src/stm32f0xx_hal_uart.c.obj
                0x08001aa0                UART_WaitOnFlagUntilTimeout
 *fill*         0x08001b36        0x2 
 .text.UART_CheckIdleState
                0x08001b38       0xd0 CMakeFiles/UART_callbacks.elf.dir/Drivers/STM32F0xx_HAL_Driver/Src/stm32f0xx_hal_uart.c.obj
                0x08001b38                UART_CheckIdleState
 .text.HAL_UART_Init
                0x08001c08       0x88 CMakeFiles/UART_callbacks.elf.dir/Drivers/STM32F0xx_HAL_Driver/Src/stm32f0xx_hal_uart.c.obj
                0x08001c08                HAL_UART_Init
 .text.UART_Start_Receive_IT
                0x08001c90       0xd4 CMakeFiles/UART_callbacks.elf.dir/Drivers/STM32F0xx_HAL_Driver/Src/stm32f0xx_hal_uart.c.obj
                0x08001c90                UART_Start_Receive_IT
 .text.HAL_UART_Receive_IT
                0x08001d64       0x62 CMakeFiles/UART_callbacks.elf.dir/Drivers/STM32F0xx_HAL_Driver/Src/stm32f0xx_hal_uart.c.obj
                0x08001d64                HAL_UART_Receive_IT
 *fill*         0x08001dc6        0x2 
 .text.startup.register_fini
                0x08001dc8       0x18 /home/kovoya_mint/toolchain_arm/arm-gnu-toolchain-13.2.Rel1-x86_64-arm-none-eabi/bin/../lib/gcc/arm-none-eabi/13.2.1/../../../../arm-none-eabi/lib/thumb/v6-m/nofp/libg.a(libc_a-__call_atexit.o)
 .text.memset   0x08001de0       0xa8 /home/kovoya_mint/toolchain_arm/arm-gnu-toolchain-13.2.Rel1-x86_64-arm-none-eabi/bin/../lib/gcc/arm-none-eabi/13.2.1/../../../../arm-none-eabi/lib/thumb/v6-m/nofp/libg.a(libc_a-memset.o)
                0x08001de0                memset
 .text.__libc_init_array
                0x08001e88       0x48 /home/kovoya_mint/toolchain_arm/arm-gnu-toolchain-13.2.Rel1-x86_64-arm-none-eabi/bin/../lib/gcc/arm-none-eabi/13.2.1/../../../../arm-none-eabi/lib/thumb/v6-m/nofp/libg.a(libc_a-init.o)
                0x08001e88                __libc_init_array
 .text.__libc_fini_array
                0x08001ed0       0x28 /home/kovoya_mint/toolchain_arm/arm-gnu-toolchain-13.2.Rel1-x86_64-arm-none-eabi/bin/../lib/gcc/arm-none-eabi/13.2.1/../../../../arm-none-eabi/lib/thumb/v6-m/nofp/libg.a(libc_a-fini.o)
                0x08001ed0                __libc_fini_array
 .text.__retarget_lock_acquire_recursive
                0x08001ef8        0x4 /home/kovoya_mint/toolchain_arm/arm-gnu-toolchain-13.2.Rel1-x86_64-arm-none-eabi/bin/../lib/gcc/arm-none-eabi/13.2.1/../../../../arm-none-eabi/lib/thumb/v6-m/nofp/libg.a(libc_a-lock.o)
                0x08001ef8                __retarget_lock_acquire_recursive
 .text.__retarget_lock_release_recursive
                0x08001efc        0x4 /home/kovoya_mint/toolchain_arm/arm-gnu-toolchain-13.2.Rel1-x86_64-arm-none-eabi/bin/../lib/gcc/arm-none-eabi/13.2.1/../../../../arm-none-eabi/lib/thumb/v6-m/nofp/libg.a(libc_a-lock.o)
                0x08001efc                __retarget_lock_release_recursive
 .text.atexit   0x08001f00       0x10 /home/kovoya_mint/toolchain_arm/arm-gnu-toolchain-13.2.Rel1-x86_64-arm-none-eabi/bin/../lib/gcc/arm-none-eabi/13.2.1/../../../../arm-none-eabi/lib/thumb/v6-m/nofp/libg.a(libc_a-atexit.o)
                0x08001f00                atexit
 .text.__register_exitproc
                0x08001f10       0xa8 /home/kovoya_mint/toolchain_arm/arm-gnu-toolchain-13.2.Rel1-x86_64-arm-none-eabi/bin/../lib/gcc/arm-none-eabi/13.2.1/../../../../arm-none-eabi/lib/thumb/v6-m/nofp/libg.a(libc_a-__atexit.o)
                0x08001f10                __register_exitproc
 *(.glue_7)
 .glue_7        0x08001fb8        0x0 linker stubs
 *(.glue_7t)
 .glue_7t       0x08001fb8        0x0 linker stubs
 *(.eh_frame)
 .eh_frame      0x08001fb8        0x0 /home/kovoya_mint/toolchain_arm/arm-gnu-toolchain-13.2.Rel1-x86_64-arm-none-eabi/bin/../lib/gcc/arm-none-eabi/13.2.1/thumb/v6-m/nofp/crtbegin.o
 *(.init)
 .init          0x08001fb8        0x4 /home/kovoya_mint/toolchain_arm/arm-gnu-toolchain-13.2.Rel1-x86_64-arm-none-eabi/bin/../lib/gcc/arm-none-eabi/13.2.1/thumb/v6-m/nofp/crti.o
                0x08001fb8                _init
 .init          0x08001fbc        0x8 /home/kovoya_mint/toolchain_arm/arm-gnu-toolchain-13.2.Rel1-x86_64-arm-none-eabi/bin/../lib/gcc/arm-none-eabi/13.2.1/thumb/v6-m/nofp/crtn.o
 *(.fini)
 .fini          0x08001fc4        0x4 /home/kovoya_mint/toolchain_arm/arm-gnu-toolchain-13.2.Rel1-x86_64-arm-none-eabi/bin/../lib/gcc/arm-none-eabi/13.2.1/thumb/v6-m/nofp/crti.o
                0x08001fc4                _fini
 .fini          0x08001fc8        0x8 /home/kovoya_mint/toolchain_arm/arm-gnu-toolchain-13.2.Rel1-x86_64-arm-none-eabi/bin/../lib/gcc/arm-none-eabi/13.2.1/thumb/v6-m/nofp/crtn.o
                0x08001fd0                        . = ALIGN (0x4)
                0x08001fd0                        _etext = .

.vfp11_veneer   0x08001fd0        0x0
 .vfp11_veneer  0x08001fd0        0x0 linker stubs

.v4_bx          0x08001fd0        0x0
 .v4_bx         0x08001fd0        0x0 linker stubs

.iplt           0x08001fd0        0x0
 .iplt          0x08001fd0        0x0 /home/kovoya_mint/toolchain_arm/arm-gnu-toolchain-13.2.Rel1-x86_64-arm-none-eabi/bin/../lib/gcc/arm-none-eabi/13.2.1/thumb/v6-m/nofp/crtbegin.o

.rodata         0x08001fd0       0x6c
                0x08001fd0                        . = ALIGN (0x4)
 *(.rodata)
 *(.rodata*)
 .rodata.APBPrescTable
                0x08001fd0        0x8 CMakeFiles/UART_callbacks.elf.dir/Core/Src/system_stm32f0xx.c.obj
                0x08001fd0                APBPrescTable
 .rodata.AHBPrescTable
                0x08001fd8       0x10 CMakeFiles/UART_callbacks.elf.dir/Core/Src/system_stm32f0xx.c.obj
                0x08001fd8                AHBPrescTable
 .rodata.aPredivFactorTable.0
                0x08001fe8       0x10 CMakeFiles/UART_callbacks.elf.dir/Drivers/STM32F0xx_HAL_Driver/Src/stm32f0xx_hal_rcc.c.obj
 .rodata.aPLLMULFactorTable.1
                0x08001ff8       0x10 CMakeFiles/UART_callbacks.elf.dir/Drivers/STM32F0xx_HAL_Driver/Src/stm32f0xx_hal_rcc.c.obj
 .rodata.HAL_UART_RegisterCallback
                0x08002008       0x34 CMakeFiles/UART_callbacks.elf.dir/Drivers/STM32F0xx_HAL_Driver/Src/stm32f0xx_hal_uart.c.obj
                0x0800203c                        . = ALIGN (0x4)

.rel.dyn        0x0800203c        0x0
 .rel.iplt      0x0800203c        0x0 /home/kovoya_mint/toolchain_arm/arm-gnu-toolchain-13.2.Rel1-x86_64-arm-none-eabi/bin/../lib/gcc/arm-none-eabi/13.2.1/thumb/v6-m/nofp/crtbegin.o

.ARM.extab      0x0800203c        0x0
                0x0800203c                        . = ALIGN (0x4)
 *(.ARM.extab* .gnu.linkonce.armextab.*)
                0x0800203c                        . = ALIGN (0x4)

.ARM            0x0800203c        0x0
                0x0800203c                        . = ALIGN (0x4)
                0x0800203c                        __exidx_start = .
 *(.ARM.exidx*)
                0x0800203c                        __exidx_end = .
                0x0800203c                        . = ALIGN (0x4)

.preinit_array  0x0800203c        0x0
                0x0800203c                        . = ALIGN (0x4)
                0x0800203c                        PROVIDE (__preinit_array_start = .)
 *(.preinit_array*)
                0x0800203c                        PROVIDE (__preinit_array_end = .)
                0x0800203c                        . = ALIGN (0x4)

.init_array     0x0800203c        0x8
                0x0800203c                        . = ALIGN (0x4)
                0x0800203c                        PROVIDE (__init_array_start = .)
 *(SORT_BY_NAME(.init_array.*))
 .init_array.00000
                0x0800203c        0x4 /home/kovoya_mint/toolchain_arm/arm-gnu-toolchain-13.2.Rel1-x86_64-arm-none-eabi/bin/../lib/gcc/arm-none-eabi/13.2.1/../../../../arm-none-eabi/lib/thumb/v6-m/nofp/libg.a(libc_a-__call_atexit.o)
 *(.init_array*)
 .init_array    0x08002040        0x4 /home/kovoya_mint/toolchain_arm/arm-gnu-toolchain-13.2.Rel1-x86_64-arm-none-eabi/bin/../lib/gcc/arm-none-eabi/13.2.1/thumb/v6-m/nofp/crtbegin.o
                0x08002044                        PROVIDE (__init_array_end = .)
                0x08002044                        . = ALIGN (0x4)

.fini_array     0x08002044        0x4
                0x08002044                        . = ALIGN (0x4)
                0x08002044                        PROVIDE (__fini_array_start = .)
 *(SORT_BY_NAME(.fini_array.*))
 *(.fini_array*)
 .fini_array    0x08002044        0x4 /home/kovoya_mint/toolchain_arm/arm-gnu-toolchain-13.2.Rel1-x86_64-arm-none-eabi/bin/../lib/gcc/arm-none-eabi/13.2.1/thumb/v6-m/nofp/crtbegin.o
                0x08002048                        PROVIDE (__fini_array_end = .)
                0x08002048                        . = ALIGN (0x4)
                0x08002048                        _sidata = LOADADDR (.data)

.data           0x20000000       0x10 load address 0x08002048
                0x20000000                        . = ALIGN (0x4)
                0x20000000                        _sdata = .
 *(.data)
 *(.data*)
 .data.SystemCoreClock
                0x20000000        0x4 CMakeFiles/UART_callbacks.elf.dir/Core/Src/system_stm32f0xx.c.obj
                0x20000000                SystemCoreClock
 .data.uwTickFreq
                0x20000004        0x1 CMakeFiles/UART_callbacks.elf.dir/Drivers/STM32F0xx_HAL_Driver/Src/stm32f0xx_hal.c.obj
                0x20000004                uwTickFreq
 *fill*         0x20000005        0x3 
 .data.uwTickPrio
                0x20000008        0x4 CMakeFiles/UART_callbacks.elf.dir/Drivers/STM32F0xx_HAL_Driver/Src/stm32f0xx_hal.c.obj
                0x20000008                uwTickPrio
 .data.__atexit_recursive_mutex
                0x2000000c        0x4 /home/kovoya_mint/toolchain_arm/arm-gnu-toolchain-13.2.Rel1-x86_64-arm-none-eabi/bin/../lib/gcc/arm-none-eabi/13.2.1/../../../../arm-none-eabi/lib/thumb/v6-m/nofp/libg.a(libc_a-__call_atexit.o)
                0x2000000c                __atexit_recursive_mutex
 *(.RamFunc)
 *(.RamFunc*)
                0x20000010                        . = ALIGN (0x4)
                0x20000010                        _edata = .

.tm_clone_table
                0x20000010        0x0 load address 0x08002058
 .tm_clone_table
                0x20000010        0x0 /home/kovoya_mint/toolchain_arm/arm-gnu-toolchain-13.2.Rel1-x86_64-arm-none-eabi/bin/../lib/gcc/arm-none-eabi/13.2.1/thumb/v6-m/nofp/crtbegin.o
 .tm_clone_table
                0x20000010        0x0 /home/kovoya_mint/toolchain_arm/arm-gnu-toolchain-13.2.Rel1-x86_64-arm-none-eabi/bin/../lib/gcc/arm-none-eabi/13.2.1/thumb/v6-m/nofp/crtend.o

.igot.plt       0x20000010        0x0 load address 0x08002058
 .igot.plt      0x20000010        0x0 /home/kovoya_mint/toolchain_arm/arm-gnu-toolchain-13.2.Rel1-x86_64-arm-none-eabi/bin/../lib/gcc/arm-none-eabi/13.2.1/thumb/v6-m/nofp/crtbegin.o
                0x20000010                        . = ALIGN (0x4)

.bss            0x20000010      0x2c0 load address 0x08002058
                0x20000010                        _sbss = .
                0x20000010                        __bss_start__ = _sbss
 *(.bss)
 *(.bss*)
 .bss.completed.1
                0x20000010        0x1 /home/kovoya_mint/toolchain_arm/arm-gnu-toolchain-13.2.Rel1-x86_64-arm-none-eabi/bin/../lib/gcc/arm-none-eabi/13.2.1/thumb/v6-m/nofp/crtbegin.o
 *fill*         0x20000011        0x3 
 .bss.object.0  0x20000014       0x18 /home/kovoya_mint/toolchain_arm/arm-gnu-toolchain-13.2.Rel1-x86_64-arm-none-eabi/bin/../lib/gcc/arm-none-eabi/13.2.1/thumb/v6-m/nofp/crtbegin.o
 .bss.rxBufferIdx
                0x2000002c        0x1 CMakeFiles/UART_callbacks.elf.dir/Core/Src/main.c.obj
 *fill*         0x2000002d        0x3 
 .bss.rxBuffer  0x20000030        0xa CMakeFiles/UART_callbacks.elf.dir/Core/Src/main.c.obj
 *fill*         0x2000003a        0x2 
 .bss.hdma_usart2_rx
                0x2000003c       0x44 CMakeFiles/UART_callbacks.elf.dir/Core/Src/main.c.obj
                0x2000003c                hdma_usart2_rx
 .bss.huart2    0x20000080       0xb4 CMakeFiles/UART_callbacks.elf.dir/Core/Src/main.c.obj
                0x20000080                huart2
 .bss.uwTick    0x20000134        0x4 CMakeFiles/UART_callbacks.elf.dir/Drivers/STM32F0xx_HAL_Driver/Src/stm32f0xx_hal.c.obj
                0x20000134                uwTick
 .bss.__atexit  0x20000138        0x4 /home/kovoya_mint/toolchain_arm/arm-gnu-toolchain-13.2.Rel1-x86_64-arm-none-eabi/bin/../lib/gcc/arm-none-eabi/13.2.1/../../../../arm-none-eabi/lib/thumb/v6-m/nofp/libg.a(libc_a-__call_atexit.o)
                0x20000138                __atexit
 .bss.__lock___atexit_recursive_mutex
                0x2000013c        0x1 /home/kovoya_mint/toolchain_arm/arm-gnu-toolchain-13.2.Rel1-x86_64-arm-none-eabi/bin/../lib/gcc/arm-none-eabi/13.2.1/../../../../arm-none-eabi/lib/thumb/v6-m/nofp/libg.a(libc_a-lock.o)
                0x2000013c                __lock___atexit_recursive_mutex
 *fill*         0x2000013d        0x3 
 .bss.__atexit0
                0x20000140      0x190 /home/kovoya_mint/toolchain_arm/arm-gnu-toolchain-13.2.Rel1-x86_64-arm-none-eabi/bin/../lib/gcc/arm-none-eabi/13.2.1/../../../../arm-none-eabi/lib/thumb/v6-m/nofp/libg.a(libc_a-__atexit.o)
                0x20000140                __atexit0
 *(COMMON)
                0x200002d0                        . = ALIGN (0x4)
                0x200002d0                        _ebss = .
                0x200002d0                        __bss_end__ = _ebss

._user_heap_stack
                0x200002d0      0x600 load address 0x08002058
                0x200002d0                        . = ALIGN (0x8)
                [!provide]                        PROVIDE (end = .)
                0x200002d0                        PROVIDE (_end = .)
                0x200004d0                        . = (. + _Min_Heap_Size)
 *fill*         0x200002d0      0x200 
                0x200008d0                        . = (. + _Min_Stack_Size)
 *fill*         0x200004d0      0x400 
                0x200008d0                        . = ALIGN (0x8)

/DISCARD/
 libc.a(*)
 libm.a(*)
 libgcc.a(*)

.ARM.attributes
                0x00000000       0x28
 *(.ARM.attributes)
 .ARM.attributes
                0x00000000       0x1e /home/kovoya_mint/toolchain_arm/arm-gnu-toolchain-13.2.Rel1-x86_64-arm-none-eabi/bin/../lib/gcc/arm-none-eabi/13.2.1/thumb/v6-m/nofp/crti.o
 .ARM.attributes
                0x0000001e       0x2c /home/kovoya_mint/toolchain_arm/arm-gnu-toolchain-13.2.Rel1-x86_64-arm-none-eabi/bin/../lib/gcc/arm-none-eabi/13.2.1/thumb/v6-m/nofp/crtbegin.o
 .ARM.attributes
                0x0000004a       0x2c CMakeFiles/UART_callbacks.elf.dir/Core/Src/main.c.obj
 .ARM.attributes
                0x00000076       0x2c CMakeFiles/UART_callbacks.elf.dir/Core/Src/stm32f0xx_hal_msp.c.obj
 .ARM.attributes
                0x000000a2       0x2c CMakeFiles/UART_callbacks.elf.dir/Core/Src/stm32f0xx_it.c.obj
 .ARM.attributes
                0x000000ce       0x2c CMakeFiles/UART_callbacks.elf.dir/Core/Src/system_stm32f0xx.c.obj
 .ARM.attributes
                0x000000fa       0x21 CMakeFiles/UART_callbacks.elf.dir/Core/Startup/startup_stm32f030r8tx.s.obj
 .ARM.attributes
                0x0000011b       0x2c CMakeFiles/UART_callbacks.elf.dir/Drivers/STM32F0xx_HAL_Driver/Src/stm32f0xx_hal.c.obj
 .ARM.attributes
                0x00000147       0x2c CMakeFiles/UART_callbacks.elf.dir/Drivers/STM32F0xx_HAL_Driver/Src/stm32f0xx_hal_cortex.c.obj
 .ARM.attributes
                0x00000173       0x2c CMakeFiles/UART_callbacks.elf.dir/Drivers/STM32F0xx_HAL_Driver/Src/stm32f0xx_hal_dma.c.obj
 .ARM.attributes
                0x0000019f       0x2c CMakeFiles/UART_callbacks.elf.dir/Drivers/STM32F0xx_HAL_Driver/Src/stm32f0xx_hal_gpio.c.obj
 .ARM.attributes
                0x000001cb       0x2c CMakeFiles/UART_callbacks.elf.dir/Drivers/STM32F0xx_HAL_Driver/Src/stm32f0xx_hal_rcc.c.obj
 .ARM.attributes
                0x000001f7       0x2c CMakeFiles/UART_callbacks.elf.dir/Drivers/STM32F0xx_HAL_Driver/Src/stm32f0xx_hal_uart.c.obj
 .ARM.attributes
                0x00000223       0x1e /home/kovoya_mint/toolchain_arm/arm-gnu-toolchain-13.2.Rel1-x86_64-arm-none-eabi/bin/../lib/gcc/arm-none-eabi/13.2.1/thumb/v6-m/nofp/libgcc.a(_udivsi3.o)
 .ARM.attributes
                0x00000241       0x1e /home/kovoya_mint/toolchain_arm/arm-gnu-toolchain-13.2.Rel1-x86_64-arm-none-eabi/bin/../lib/gcc/arm-none-eabi/13.2.1/thumb/v6-m/nofp/libgcc.a(_dvmd_tls.o)
 .ARM.attributes
                0x0000025f       0x2c /home/kovoya_mint/toolchain_arm/arm-gnu-toolchain-13.2.Rel1-x86_64-arm-none-eabi/bin/../lib/gcc/arm-none-eabi/13.2.1/../../../../arm-none-eabi/lib/thumb/v6-m/nofp/libg.a(libc_a-__call_atexit.o)
 .ARM.attributes
                0x0000028b       0x2c /home/kovoya_mint/toolchain_arm/arm-gnu-toolchain-13.2.Rel1-x86_64-arm-none-eabi/bin/../lib/gcc/arm-none-eabi/13.2.1/../../../../arm-none-eabi/lib/thumb/v6-m/nofp/libg.a(libc_a-memset.o)
 .ARM.attributes
                0x000002b7       0x2c /home/kovoya_mint/toolchain_arm/arm-gnu-toolchain-13.2.Rel1-x86_64-arm-none-eabi/bin/../lib/gcc/arm-none-eabi/13.2.1/../../../../arm-none-eabi/lib/thumb/v6-m/nofp/libg.a(libc_a-init.o)
 .ARM.attributes
                0x000002e3       0x2c /home/kovoya_mint/toolchain_arm/arm-gnu-toolchain-13.2.Rel1-x86_64-arm-none-eabi/bin/../lib/gcc/arm-none-eabi/13.2.1/../../../../arm-none-eabi/lib/thumb/v6-m/nofp/libg.a(libc_a-fini.o)
 .ARM.attributes
                0x0000030f       0x2c /home/kovoya_mint/toolchain_arm/arm-gnu-toolchain-13.2.Rel1-x86_64-arm-none-eabi/bin/../lib/gcc/arm-none-eabi/13.2.1/../../../../arm-none-eabi/lib/thumb/v6-m/nofp/libg.a(libc_a-lock.o)
 .ARM.attributes
                0x0000033b       0x2c /home/kovoya_mint/toolchain_arm/arm-gnu-toolchain-13.2.Rel1-x86_64-arm-none-eabi/bin/../lib/gcc/arm-none-eabi/13.2.1/../../../../arm-none-eabi/lib/thumb/v6-m/nofp/libg.a(libc_a-atexit.o)
 .ARM.attributes
                0x00000367       0x2c /home/kovoya_mint/toolchain_arm/arm-gnu-toolchain-13.2.Rel1-x86_64-arm-none-eabi/bin/../lib/gcc/arm-none-eabi/13.2.1/../../../../arm-none-eabi/lib/thumb/v6-m/nofp/libg.a(libc_a-__atexit.o)
 .ARM.attributes
                0x00000393       0x2c /home/kovoya_mint/toolchain_arm/arm-gnu-toolchain-13.2.Rel1-x86_64-arm-none-eabi/bin/../lib/gcc/arm-none-eabi/13.2.1/thumb/v6-m/nofp/crtend.o
 .ARM.attributes
                0x000003bf       0x1e /home/kovoya_mint/toolchain_arm/arm-gnu-toolchain-13.2.Rel1-x86_64-arm-none-eabi/bin/../lib/gcc/arm-none-eabi/13.2.1/thumb/v6-m/nofp/crtn.o
OUTPUT(UART_callbacks.elf elf32-littlearm)
LOAD linker stubs
LOAD /home/kovoya_mint/toolchain_arm/arm-gnu-toolchain-13.2.Rel1-x86_64-arm-none-eabi/bin/../lib/gcc/arm-none-eabi/13.2.1/../../../../arm-none-eabi/lib/thumb/v6-m/nofp/libc.a
LOAD /home/kovoya_mint/toolchain_arm/arm-gnu-toolchain-13.2.Rel1-x86_64-arm-none-eabi/bin/../lib/gcc/arm-none-eabi/13.2.1/../../../../arm-none-eabi/lib/thumb/v6-m/nofp/libm.a
LOAD /home/kovoya_mint/toolchain_arm/arm-gnu-toolchain-13.2.Rel1-x86_64-arm-none-eabi/bin/../lib/gcc/arm-none-eabi/13.2.1/thumb/v6-m/nofp/libgcc.a

.debug_info     0x00000000     0x9ee8
 .debug_info    0x00000000     0x109f CMakeFiles/UART_callbacks.elf.dir/Core/Src/main.c.obj
 .debug_info    0x0000109f      0xbf3 CMakeFiles/UART_callbacks.elf.dir/Core/Src/stm32f0xx_hal_msp.c.obj
 .debug_info    0x00001c92      0x7b5 CMakeFiles/UART_callbacks.elf.dir/Core/Src/stm32f0xx_it.c.obj
 .debug_info    0x00002447      0x264 CMakeFiles/UART_callbacks.elf.dir/Core/Src/system_stm32f0xx.c.obj
 .debug_info    0x000026ab       0x30 CMakeFiles/UART_callbacks.elf.dir/Core/Startup/startup_stm32f030r8tx.s.obj
 .debug_info    0x000026db      0x713 CMakeFiles/UART_callbacks.elf.dir/Drivers/STM32F0xx_HAL_Driver/Src/stm32f0xx_hal.c.obj
 .debug_info    0x00002dee      0x7db CMakeFiles/UART_callbacks.elf.dir/Drivers/STM32F0xx_HAL_Driver/Src/stm32f0xx_hal_cortex.c.obj
 .debug_info    0x000035c9      0x85a CMakeFiles/UART_callbacks.elf.dir/Drivers/STM32F0xx_HAL_Driver/Src/stm32f0xx_hal_dma.c.obj
 .debug_info    0x00003e23      0x5fb CMakeFiles/UART_callbacks.elf.dir/Drivers/STM32F0xx_HAL_Driver/Src/stm32f0xx_hal_gpio.c.obj
 .debug_info    0x0000441e      0xa3a CMakeFiles/UART_callbacks.elf.dir/Drivers/STM32F0xx_HAL_Driver/Src/stm32f0xx_hal_rcc.c.obj
 .debug_info    0x00004e58     0x5090 CMakeFiles/UART_callbacks.elf.dir/Drivers/STM32F0xx_HAL_Driver/Src/stm32f0xx_hal_uart.c.obj

.debug_abbrev   0x00000000     0x170d
 .debug_abbrev  0x00000000      0x2c9 CMakeFiles/UART_callbacks.elf.dir/Core/Src/main.c.obj
 .debug_abbrev  0x000002c9      0x226 CMakeFiles/UART_callbacks.elf.dir/Core/Src/stm32f0xx_hal_msp.c.obj
 .debug_abbrev  0x000004ef      0x18f CMakeFiles/UART_callbacks.elf.dir/Core/Src/stm32f0xx_it.c.obj
 .debug_abbrev  0x0000067e      0x136 CMakeFiles/UART_callbacks.elf.dir/Core/Src/system_stm32f0xx.c.obj
 .debug_abbrev  0x000007b4       0x24 CMakeFiles/UART_callbacks.elf.dir/Core/Startup/startup_stm32f030r8tx.s.obj
 .debug_abbrev  0x000007d8      0x269 CMakeFiles/UART_callbacks.elf.dir/Drivers/STM32F0xx_HAL_Driver/Src/stm32f0xx_hal.c.obj
 .debug_abbrev  0x00000a41      0x2ec CMakeFiles/UART_callbacks.elf.dir/Drivers/STM32F0xx_HAL_Driver/Src/stm32f0xx_hal_cortex.c.obj
 .debug_abbrev  0x00000d2d      0x1f6 CMakeFiles/UART_callbacks.elf.dir/Drivers/STM32F0xx_HAL_Driver/Src/stm32f0xx_hal_dma.c.obj
 .debug_abbrev  0x00000f23      0x1f6 CMakeFiles/UART_callbacks.elf.dir/Drivers/STM32F0xx_HAL_Driver/Src/stm32f0xx_hal_gpio.c.obj
 .debug_abbrev  0x00001119      0x29c CMakeFiles/UART_callbacks.elf.dir/Drivers/STM32F0xx_HAL_Driver/Src/stm32f0xx_hal_rcc.c.obj
 .debug_abbrev  0x000013b5      0x358 CMakeFiles/UART_callbacks.elf.dir/Drivers/STM32F0xx_HAL_Driver/Src/stm32f0xx_hal_uart.c.obj

.debug_loclists
                0x00000000     0x3a15
 .debug_loclists
                0x00000000       0x40 CMakeFiles/UART_callbacks.elf.dir/Core/Src/main.c.obj
 .debug_loclists
                0x00000040       0x6a CMakeFiles/UART_callbacks.elf.dir/Core/Src/stm32f0xx_hal_msp.c.obj
 .debug_loclists
                0x000000aa       0xf5 CMakeFiles/UART_callbacks.elf.dir/Core/Src/system_stm32f0xx.c.obj
 .debug_loclists
                0x0000019f       0xe1 CMakeFiles/UART_callbacks.elf.dir/Drivers/STM32F0xx_HAL_Driver/Src/stm32f0xx_hal.c.obj
 .debug_loclists
                0x00000280      0x208 CMakeFiles/UART_callbacks.elf.dir/Drivers/STM32F0xx_HAL_Driver/Src/stm32f0xx_hal_cortex.c.obj
 .debug_loclists
                0x00000488      0x642 CMakeFiles/UART_callbacks.elf.dir/Drivers/STM32F0xx_HAL_Driver/Src/stm32f0xx_hal_dma.c.obj
 .debug_loclists
                0x00000aca      0x28d CMakeFiles/UART_callbacks.elf.dir/Drivers/STM32F0xx_HAL_Driver/Src/stm32f0xx_hal_gpio.c.obj
 .debug_loclists
                0x00000d57      0x41c CMakeFiles/UART_callbacks.elf.dir/Drivers/STM32F0xx_HAL_Driver/Src/stm32f0xx_hal_rcc.c.obj
 .debug_loclists
                0x00001173     0x28a2 CMakeFiles/UART_callbacks.elf.dir/Drivers/STM32F0xx_HAL_Driver/Src/stm32f0xx_hal_uart.c.obj

.debug_aranges  0x00000000      0x628
 .debug_aranges
                0x00000000       0x50 CMakeFiles/UART_callbacks.elf.dir/Core/Src/main.c.obj
 .debug_aranges
                0x00000050       0x30 CMakeFiles/UART_callbacks.elf.dir/Core/Src/stm32f0xx_hal_msp.c.obj
 .debug_aranges
                0x00000080       0x50 CMakeFiles/UART_callbacks.elf.dir/Core/Src/stm32f0xx_it.c.obj
 .debug_aranges
                0x000000d0       0x28 CMakeFiles/UART_callbacks.elf.dir/Core/Src/system_stm32f0xx.c.obj
 .debug_aranges
                0x000000f8       0x28 CMakeFiles/UART_callbacks.elf.dir/Core/Startup/startup_stm32f030r8tx.s.obj
 .debug_aranges
                0x00000120       0xd0 CMakeFiles/UART_callbacks.elf.dir/Drivers/STM32F0xx_HAL_Driver/Src/stm32f0xx_hal.c.obj
 .debug_aranges
                0x000001f0       0x98 CMakeFiles/UART_callbacks.elf.dir/Drivers/STM32F0xx_HAL_Driver/Src/stm32f0xx_hal_cortex.c.obj
 .debug_aranges
                0x00000288       0x88 CMakeFiles/UART_callbacks.elf.dir/Drivers/STM32F0xx_HAL_Driver/Src/stm32f0xx_hal_dma.c.obj
 .debug_aranges
                0x00000310       0x58 CMakeFiles/UART_callbacks.elf.dir/Drivers/STM32F0xx_HAL_Driver/Src/stm32f0xx_hal_gpio.c.obj
 .debug_aranges
                0x00000368       0x80 CMakeFiles/UART_callbacks.elf.dir/Drivers/STM32F0xx_HAL_Driver/Src/stm32f0xx_hal_rcc.c.obj
 .debug_aranges
                0x000003e8      0x240 CMakeFiles/UART_callbacks.elf.dir/Drivers/STM32F0xx_HAL_Driver/Src/stm32f0xx_hal_uart.c.obj

.debug_rnglists
                0x00000000      0x4d8
 .debug_rnglists
                0x00000000       0x38 CMakeFiles/UART_callbacks.elf.dir/Core/Src/main.c.obj
 .debug_rnglists
                0x00000038       0x20 CMakeFiles/UART_callbacks.elf.dir/Core/Src/stm32f0xx_hal_msp.c.obj
 .debug_rnglists
                0x00000058       0x37 CMakeFiles/UART_callbacks.elf.dir/Core/Src/stm32f0xx_it.c.obj
 .debug_rnglists
                0x0000008f       0x1a CMakeFiles/UART_callbacks.elf.dir/Core/Src/system_stm32f0xx.c.obj
 .debug_rnglists
                0x000000a9       0x19 CMakeFiles/UART_callbacks.elf.dir/Core/Startup/startup_stm32f030r8tx.s.obj
 .debug_rnglists
                0x000000c2       0x97 CMakeFiles/UART_callbacks.elf.dir/Drivers/STM32F0xx_HAL_Driver/Src/stm32f0xx_hal.c.obj
 .debug_rnglists
                0x00000159       0x79 CMakeFiles/UART_callbacks.elf.dir/Drivers/STM32F0xx_HAL_Driver/Src/stm32f0xx_hal_cortex.c.obj
 .debug_rnglists
                0x000001d2       0x63 CMakeFiles/UART_callbacks.elf.dir/Drivers/STM32F0xx_HAL_Driver/Src/stm32f0xx_hal_dma.c.obj
 .debug_rnglists
                0x00000235       0x3f CMakeFiles/UART_callbacks.elf.dir/Drivers/STM32F0xx_HAL_Driver/Src/stm32f0xx_hal_gpio.c.obj
 .debug_rnglists
                0x00000274       0x6e CMakeFiles/UART_callbacks.elf.dir/Drivers/STM32F0xx_HAL_Driver/Src/stm32f0xx_hal_rcc.c.obj
 .debug_rnglists
                0x000002e2      0x1f6 CMakeFiles/UART_callbacks.elf.dir/Drivers/STM32F0xx_HAL_Driver/Src/stm32f0xx_hal_uart.c.obj

.debug_line     0x00000000     0x7e74
 .debug_line    0x00000000      0x55e CMakeFiles/UART_callbacks.elf.dir/Core/Src/main.c.obj
 .debug_line    0x0000055e      0x3ef CMakeFiles/UART_callbacks.elf.dir/Core/Src/stm32f0xx_hal_msp.c.obj
 .debug_line    0x0000094d      0x30f CMakeFiles/UART_callbacks.elf.dir/Core/Src/stm32f0xx_it.c.obj
 .debug_line    0x00000c5c      0x2a4 CMakeFiles/UART_callbacks.elf.dir/Core/Src/system_stm32f0xx.c.obj
 .debug_line    0x00000f00       0x7b CMakeFiles/UART_callbacks.elf.dir/Core/Startup/startup_stm32f030r8tx.s.obj
 .debug_line    0x00000f7b      0x5f9 CMakeFiles/UART_callbacks.elf.dir/Drivers/STM32F0xx_HAL_Driver/Src/stm32f0xx_hal.c.obj
 .debug_line    0x00001574      0x5dd CMakeFiles/UART_callbacks.elf.dir/Drivers/STM32F0xx_HAL_Driver/Src/stm32f0xx_hal_cortex.c.obj
 .debug_line    0x00001b51      0xafa CMakeFiles/UART_callbacks.elf.dir/Drivers/STM32F0xx_HAL_Driver/Src/stm32f0xx_hal_dma.c.obj
 .debug_line    0x0000264b      0x754 CMakeFiles/UART_callbacks.elf.dir/Drivers/STM32F0xx_HAL_Driver/Src/stm32f0xx_hal_gpio.c.obj
 .debug_line    0x00002d9f      0xcd8 CMakeFiles/UART_callbacks.elf.dir/Drivers/STM32F0xx_HAL_Driver/Src/stm32f0xx_hal_rcc.c.obj
 .debug_line    0x00003a77     0x43fd CMakeFiles/UART_callbacks.elf.dir/Drivers/STM32F0xx_HAL_Driver/Src/stm32f0xx_hal_uart.c.obj

.debug_str      0x00000000     0x21ea
 .debug_str     0x00000000     0x21ea CMakeFiles/UART_callbacks.elf.dir/Core/Src/main.c.obj
                                0xdb8 (size before relaxing)
 .debug_str     0x000021ea      0xa52 CMakeFiles/UART_callbacks.elf.dir/Core/Src/stm32f0xx_hal_msp.c.obj
 .debug_str     0x000021ea      0x7a3 CMakeFiles/UART_callbacks.elf.dir/Core/Src/stm32f0xx_it.c.obj
 .debug_str     0x000021ea      0x2c4 CMakeFiles/UART_callbacks.elf.dir/Core/Src/system_stm32f0xx.c.obj
 .debug_str     0x000021ea       0xab CMakeFiles/UART_callbacks.elf.dir/Core/Startup/startup_stm32f030r8tx.s.obj
 .debug_str     0x000021ea      0x6fa CMakeFiles/UART_callbacks.elf.dir/Drivers/STM32F0xx_HAL_Driver/Src/stm32f0xx_hal.c.obj
 .debug_str     0x000021ea      0x63b CMakeFiles/UART_callbacks.elf.dir/Drivers/STM32F0xx_HAL_Driver/Src/stm32f0xx_hal_cortex.c.obj
 .debug_str     0x000021ea      0x66a CMakeFiles/UART_callbacks.elf.dir/Drivers/STM32F0xx_HAL_Driver/Src/stm32f0xx_hal_dma.c.obj
 .debug_str     0x000021ea      0x447 CMakeFiles/UART_callbacks.elf.dir/Drivers/STM32F0xx_HAL_Driver/Src/stm32f0xx_hal_gpio.c.obj
 .debug_str     0x000021ea      0x6a8 CMakeFiles/UART_callbacks.elf.dir/Drivers/STM32F0xx_HAL_Driver/Src/stm32f0xx_hal_rcc.c.obj
 .debug_str     0x000021ea     0x11e8 CMakeFiles/UART_callbacks.elf.dir/Drivers/STM32F0xx_HAL_Driver/Src/stm32f0xx_hal_uart.c.obj

.comment        0x00000000       0x44
 .comment       0x00000000       0x44 CMakeFiles/UART_callbacks.elf.dir/Core/Src/main.c.obj
                                 0x45 (size before relaxing)
 .comment       0x00000044       0x45 CMakeFiles/UART_callbacks.elf.dir/Core/Src/stm32f0xx_hal_msp.c.obj
 .comment       0x00000044       0x45 CMakeFiles/UART_callbacks.elf.dir/Core/Src/stm32f0xx_it.c.obj
 .comment       0x00000044       0x45 CMakeFiles/UART_callbacks.elf.dir/Core/Src/system_stm32f0xx.c.obj
 .comment       0x00000044       0x45 CMakeFiles/UART_callbacks.elf.dir/Drivers/STM32F0xx_HAL_Driver/Src/stm32f0xx_hal.c.obj
 .comment       0x00000044       0x45 CMakeFiles/UART_callbacks.elf.dir/Drivers/STM32F0xx_HAL_Driver/Src/stm32f0xx_hal_cortex.c.obj
 .comment       0x00000044       0x45 CMakeFiles/UART_callbacks.elf.dir/Drivers/STM32F0xx_HAL_Driver/Src/stm32f0xx_hal_dma.c.obj
 .comment       0x00000044       0x45 CMakeFiles/UART_callbacks.elf.dir/Drivers/STM32F0xx_HAL_Driver/Src/stm32f0xx_hal_gpio.c.obj
 .comment       0x00000044       0x45 CMakeFiles/UART_callbacks.elf.dir/Drivers/STM32F0xx_HAL_Driver/Src/stm32f0xx_hal_rcc.c.obj
 .comment       0x00000044       0x45 CMakeFiles/UART_callbacks.elf.dir/Drivers/STM32F0xx_HAL_Driver/Src/stm32f0xx_hal_uart.c.obj

.debug_frame    0x00000000     0x1084
 .debug_frame   0x00000000       0xb8 CMakeFiles/UART_callbacks.elf.dir/Core/Src/main.c.obj
 .debug_frame   0x000000b8       0x58 CMakeFiles/UART_callbacks.elf.dir/Core/Src/stm32f0xx_hal_msp.c.obj
 .debug_frame   0x00000110       0x98 CMakeFiles/UART_callbacks.elf.dir/Core/Src/stm32f0xx_it.c.obj
 .debug_frame   0x000001a8       0x38 CMakeFiles/UART_callbacks.elf.dir/Core/Src/system_stm32f0xx.c.obj
 .debug_frame   0x000001e0      0x1ac CMakeFiles/UART_callbacks.elf.dir/Drivers/STM32F0xx_HAL_Driver/Src/stm32f0xx_hal.c.obj
 .debug_frame   0x0000038c      0x144 CMakeFiles/UART_callbacks.elf.dir/Drivers/STM32F0xx_HAL_Driver/Src/stm32f0xx_hal_cortex.c.obj
 .debug_frame   0x000004d0      0x168 CMakeFiles/UART_callbacks.elf.dir/Drivers/STM32F0xx_HAL_Driver/Src/stm32f0xx_hal_dma.c.obj
 .debug_frame   0x00000638       0xc0 CMakeFiles/UART_callbacks.elf.dir/Drivers/STM32F0xx_HAL_Driver/Src/stm32f0xx_hal_gpio.c.obj
 .debug_frame   0x000006f8      0x134 CMakeFiles/UART_callbacks.elf.dir/Drivers/STM32F0xx_HAL_Driver/Src/stm32f0xx_hal_rcc.c.obj
 .debug_frame   0x0000082c      0x64c CMakeFiles/UART_callbacks.elf.dir/Drivers/STM32F0xx_HAL_Driver/Src/stm32f0xx_hal_uart.c.obj
 .debug_frame   0x00000e78       0x20 /home/kovoya_mint/toolchain_arm/arm-gnu-toolchain-13.2.Rel1-x86_64-arm-none-eabi/bin/../lib/gcc/arm-none-eabi/13.2.1/thumb/v6-m/nofp/libgcc.a(_udivsi3.o)
 .debug_frame   0x00000e98       0x54 /home/kovoya_mint/toolchain_arm/arm-gnu-toolchain-13.2.Rel1-x86_64-arm-none-eabi/bin/../lib/gcc/arm-none-eabi/13.2.1/../../../../arm-none-eabi/lib/thumb/v6-m/nofp/libg.a(libc_a-__call_atexit.o)
 .debug_frame   0x00000eec       0x30 /home/kovoya_mint/toolchain_arm/arm-gnu-toolchain-13.2.Rel1-x86_64-arm-none-eabi/bin/../lib/gcc/arm-none-eabi/13.2.1/../../../../arm-none-eabi/lib/thumb/v6-m/nofp/libg.a(libc_a-memset.o)
 .debug_frame   0x00000f1c       0x2c /home/kovoya_mint/toolchain_arm/arm-gnu-toolchain-13.2.Rel1-x86_64-arm-none-eabi/bin/../lib/gcc/arm-none-eabi/13.2.1/../../../../arm-none-eabi/lib/thumb/v6-m/nofp/libg.a(libc_a-init.o)
 .debug_frame   0x00000f48       0x2c /home/kovoya_mint/toolchain_arm/arm-gnu-toolchain-13.2.Rel1-x86_64-arm-none-eabi/bin/../lib/gcc/arm-none-eabi/13.2.1/../../../../arm-none-eabi/lib/thumb/v6-m/nofp/libg.a(libc_a-fini.o)
 .debug_frame   0x00000f74       0xb0 /home/kovoya_mint/toolchain_arm/arm-gnu-toolchain-13.2.Rel1-x86_64-arm-none-eabi/bin/../lib/gcc/arm-none-eabi/13.2.1/../../../../arm-none-eabi/lib/thumb/v6-m/nofp/libg.a(libc_a-lock.o)
 .debug_frame   0x00001024       0x28 /home/kovoya_mint/toolchain_arm/arm-gnu-toolchain-13.2.Rel1-x86_64-arm-none-eabi/bin/../lib/gcc/arm-none-eabi/13.2.1/../../../../arm-none-eabi/lib/thumb/v6-m/nofp/libg.a(libc_a-atexit.o)
 .debug_frame   0x0000104c       0x38 /home/kovoya_mint/toolchain_arm/arm-gnu-toolchain-13.2.Rel1-x86_64-arm-none-eabi/bin/../lib/gcc/arm-none-eabi/13.2.1/../../../../arm-none-eabi/lib/thumb/v6-m/nofp/libg.a(libc_a-__atexit.o)

.debug_line_str
                0x00000000      0x151
 .debug_line_str
                0x00000000      0x151 CMakeFiles/UART_callbacks.elf.dir/Core/Startup/startup_stm32f030r8tx.s.obj
                                 0x8f (size before relaxing)
 .debug_line_str
                0x00000151       0xc2 /home/kovoya_mint/toolchain_arm/arm-gnu-toolchain-13.2.Rel1-x86_64-arm-none-eabi/bin/../lib/gcc/arm-none-eabi/13.2.1/thumb/v6-m/nofp/libgcc.a(_udivsi3.o)
 .debug_line_str
                0x00000151       0xc2 /home/kovoya_mint/toolchain_arm/arm-gnu-toolchain-13.2.Rel1-x86_64-arm-none-eabi/bin/../lib/gcc/arm-none-eabi/13.2.1/thumb/v6-m/nofp/libgcc.a(_dvmd_tls.o)
