Archive member included to satisfy reference by file (symbol)

/home/kovoya_mint/toolchain_arm/arm-gnu-toolchain-13.2.Rel1-x86_64-arm-none-eabi/bin/../lib/gcc/arm-none-eabi/13.2.1/thumb/v6-m/nofp/libgcc.a(_udivsi3.o)
                              CMakeFiles/UART_callbacks.elf.dir/Core/Src/system_stm32f0xx.c.obj (__aeabi_uidiv)
/home/kovoya_mint/toolchain_arm/arm-gnu-toolchain-13.2.Rel1-x86_64-arm-none-eabi/bin/../lib/gcc/arm-none-eabi/13.2.1/thumb/v6-m/nofp/libgcc.a(_dvmd_tls.o)
                              /home/kovoya_mint/toolchain_arm/arm-gnu-toolchain-13.2.Rel1-x86_64-arm-none-eabi/bin/../lib/gcc/arm-none-eabi/13.2.1/thumb/v6-m/nofp/libgcc.a(_udivsi3.o) (__aeabi_idiv0)
/home/kovoya_mint/toolchain_arm/arm-gnu-toolchain-13.2.Rel1-x86_64-arm-none-eabi/bin/../lib/gcc/arm-none-eabi/13.2.1/../../../../arm-none-eabi/lib/thumb/v6-m/nofp/libg.a(libc_a-exit.o)
                              /home/kovoya_mint/toolchain_arm/arm-gnu-toolchain-13.2.Rel1-x86_64-arm-none-eabi/bin/../lib/gcc/arm-none-eabi/13.2.1/../../../../arm-none-eabi/lib/thumb/v6-m/nofp/crt0.o (exit)
/home/kovoya_mint/toolchain_arm/arm-gnu-toolchain-13.2.Rel1-x86_64-arm-none-eabi/bin/../lib/gcc/arm-none-eabi/13.2.1/../../../../arm-none-eabi/lib/thumb/v6-m/nofp/libg.a(libc_a-errno.o)
                              CMakeFiles/UART_callbacks.elf.dir/Core/Src/syscalls.c.obj (__errno)
/home/kovoya_mint/toolchain_arm/arm-gnu-toolchain-13.2.Rel1-x86_64-arm-none-eabi/bin/../lib/gcc/arm-none-eabi/13.2.1/../../../../arm-none-eabi/lib/thumb/v6-m/nofp/libg.a(libc_a-malloc.o)
                              CMakeFiles/UART_callbacks.elf.dir/Core/Src/main.c.obj (malloc)
/home/kovoya_mint/toolchain_arm/arm-gnu-toolchain-13.2.Rel1-x86_64-arm-none-eabi/bin/../lib/gcc/arm-none-eabi/13.2.1/../../../../arm-none-eabi/lib/thumb/v6-m/nofp/libg.a(libc_a-mallocr.o)
                              /home/kovoya_mint/toolchain_arm/arm-gnu-toolchain-13.2.Rel1-x86_64-arm-none-eabi/bin/../lib/gcc/arm-none-eabi/13.2.1/../../../../arm-none-eabi/lib/thumb/v6-m/nofp/libg.a(libc_a-malloc.o) (_malloc_r)
/home/kovoya_mint/toolchain_arm/arm-gnu-toolchain-13.2.Rel1-x86_64-arm-none-eabi/bin/../lib/gcc/arm-none-eabi/13.2.1/../../../../arm-none-eabi/lib/thumb/v6-m/nofp/libg.a(libc_a-__call_atexit.o)
                              /home/kovoya_mint/toolchain_arm/arm-gnu-toolchain-13.2.Rel1-x86_64-arm-none-eabi/bin/../lib/gcc/arm-none-eabi/13.2.1/../../../../arm-none-eabi/lib/thumb/v6-m/nofp/libg.a(libc_a-exit.o) (__call_exitprocs)
/home/kovoya_mint/toolchain_arm/arm-gnu-toolchain-13.2.Rel1-x86_64-arm-none-eabi/bin/../lib/gcc/arm-none-eabi/13.2.1/../../../../arm-none-eabi/lib/thumb/v6-m/nofp/libg.a(libc_a-memset.o)
                              /home/kovoya_mint/toolchain_arm/arm-gnu-toolchain-13.2.Rel1-x86_64-arm-none-eabi/bin/../lib/gcc/arm-none-eabi/13.2.1/../../../../arm-none-eabi/lib/thumb/v6-m/nofp/crt0.o (memset)
/home/kovoya_mint/toolchain_arm/arm-gnu-toolchain-13.2.Rel1-x86_64-arm-none-eabi/bin/../lib/gcc/arm-none-eabi/13.2.1/../../../../arm-none-eabi/lib/thumb/v6-m/nofp/libg.a(libc_a-init.o)
                              /home/kovoya_mint/toolchain_arm/arm-gnu-toolchain-13.2.Rel1-x86_64-arm-none-eabi/bin/../lib/gcc/arm-none-eabi/13.2.1/../../../../arm-none-eabi/lib/thumb/v6-m/nofp/crt0.o (__libc_init_array)
/home/kovoya_mint/toolchain_arm/arm-gnu-toolchain-13.2.Rel1-x86_64-arm-none-eabi/bin/../lib/gcc/arm-none-eabi/13.2.1/../../../../arm-none-eabi/lib/thumb/v6-m/nofp/libg.a(libc_a-fini.o)
                              /home/kovoya_mint/toolchain_arm/arm-gnu-toolchain-13.2.Rel1-x86_64-arm-none-eabi/bin/../lib/gcc/arm-none-eabi/13.2.1/../../../../arm-none-eabi/lib/thumb/v6-m/nofp/libg.a(libc_a-__call_atexit.o) (__libc_fini_array)
/home/kovoya_mint/toolchain_arm/arm-gnu-toolchain-13.2.Rel1-x86_64-arm-none-eabi/bin/../lib/gcc/arm-none-eabi/13.2.1/../../../../arm-none-eabi/lib/thumb/v6-m/nofp/libg.a(libc_a-lock.o)
                              /home/kovoya_mint/toolchain_arm/arm-gnu-toolchain-13.2.Rel1-x86_64-arm-none-eabi/bin/../lib/gcc/arm-none-eabi/13.2.1/../../../../arm-none-eabi/lib/thumb/v6-m/nofp/libg.a(libc_a-__call_atexit.o) (__retarget_lock_acquire_recursive)
/home/kovoya_mint/toolchain_arm/arm-gnu-toolchain-13.2.Rel1-x86_64-arm-none-eabi/bin/../lib/gcc/arm-none-eabi/13.2.1/../../../../arm-none-eabi/lib/thumb/v6-m/nofp/libg.a(libc_a-sysconf.o)
                              /home/kovoya_mint/toolchain_arm/arm-gnu-toolchain-13.2.Rel1-x86_64-arm-none-eabi/bin/../lib/gcc/arm-none-eabi/13.2.1/../../../../arm-none-eabi/lib/thumb/v6-m/nofp/libg.a(libc_a-mallocr.o) (sysconf)
/home/kovoya_mint/toolchain_arm/arm-gnu-toolchain-13.2.Rel1-x86_64-arm-none-eabi/bin/../lib/gcc/arm-none-eabi/13.2.1/../../../../arm-none-eabi/lib/thumb/v6-m/nofp/libg.a(libc_a-mlock.o)
                              /home/kovoya_mint/toolchain_arm/arm-gnu-toolchain-13.2.Rel1-x86_64-arm-none-eabi/bin/../lib/gcc/arm-none-eabi/13.2.1/../../../../arm-none-eabi/lib/thumb/v6-m/nofp/libg.a(libc_a-mallocr.o) (__malloc_lock)
[...]
Memory Configuration

Name             Origin             Length             Attributes
RAM              0x20000000         0x00002000         xrw
FLASH            0x08000000         0x00010000         xr
*default*        0x00000000         0xffffffff

Linker script and memory map

LOAD /home/kovoya_mint/toolchain_arm/arm-gnu-toolchain-13.2.Rel1-x86_64-arm-none-eabi/bin/../lib/gcc/arm-none-eabi/13.2.1/thumb/v6-m/nofp/crti.o
LOAD /home/kovoya_mint/toolchain_arm/arm-gnu-toolchain-13.2.Rel1-x86_64-arm-none-eabi/bin/../lib/gcc/arm-none-eabi/13.2.1/thumb/v6-m/nofp/crtbegin.o
LOAD /home/kovoya_mint/toolchain_arm/arm-gnu-toolchain-13.2.Rel1-x86_64-arm-none-eabi/bin/../lib/gcc/arm-none-eabi/13.2.1/../../../../arm-none-eabi/lib/thumb/v6-m/nofp/crt0.o
LOAD CMakeFiles/UART_callbacks.elf.dir/Core/Src/main.c.obj
LOAD CMakeFiles/UART_callbacks.elf.dir/Core/Src/stm32f0xx_hal_msp.c.obj
LOAD CMakeFiles/UART_callbacks.elf.dir/Core/Src/stm32f0xx_it.c.obj
LOAD CMakeFiles/UART_callbacks.elf.dir/Core/Src/syscalls.c.obj
LOAD CMakeFiles/UART_callbacks.elf.dir/Core/Src/sysmem.c.obj
LOAD CMakeFiles/UART_callbacks.elf.dir/Core/Src/system_stm32f0xx.c.obj
LOAD CMakeFiles/UART_callbacks.elf.dir/Core/Startup/startup_stm32f030r8tx.s.obj
LOAD CMakeFiles/UART_callbacks.elf.dir/Drivers/STM32F0xx_HAL_Driver/Src/stm32f0xx_hal.c.obj
LOAD CMakeFiles/UART_callbacks.elf.dir/Drivers/STM32F0xx_HAL_Driver/Src/stm32f0xx_hal_cortex.c.obj
LOAD CMakeFiles/UART_callbacks.elf.dir/Drivers/STM32F0xx_HAL_Driver/Src/stm32f0xx_hal_dma.c.obj
LOAD CMakeFiles/UART_callbacks.elf.dir/Drivers/STM32F0xx_HAL_Driver/Src/stm32f0xx_hal_exti.c.obj
LOAD CMakeFiles/UART_callbacks.elf.dir/Drivers/STM32F0xx_HAL_Driver/Src/stm32f0xx_hal_flash.c.obj
LOAD CMakeFiles/UART_callbacks.elf.dir/Drivers/STM32F0xx_HAL_Driver/Src/stm32f0xx_hal_flash_ex.c.obj
LOAD CMakeFiles/UART_callbacks.elf.dir/Drivers/STM32F0xx_HAL_Driver/Src/stm32f0xx_hal_gpio.c.obj
LOAD CMakeFiles/UART_callbacks.elf.dir/Drivers/STM32F0xx_HAL_Driver/Src/stm32f0xx_hal_i2c.c.obj
LOAD CMakeFiles/UART_callbacks.elf.dir/Drivers/STM32F0xx_HAL_Driver/Src/stm32f0xx_hal_i2c_ex.c.obj
LOAD CMakeFiles/UART_callbacks.elf.dir/Drivers/STM32F0xx_HAL_Driver/Src/stm32f0xx_hal_pwr.c.obj
LOAD CMakeFiles/UART_callbacks.elf.dir/Drivers/STM32F0xx_HAL_Driver/Src/stm32f0xx_hal_pwr_ex.c.obj
LOAD CMakeFiles/UART_callbacks.elf.dir/Drivers/STM32F0xx_HAL_Driver/Src/stm32f0xx_hal_rcc.c.obj
LOAD CMakeFiles/UART_callbacks.elf.dir/Drivers/STM32F0xx_HAL_Driver/Src/stm32f0xx_hal_rcc_ex.c.obj
LOAD CMakeFiles/UART_callbacks.elf.dir/Drivers/STM32F0xx_HAL_Driver/Src/stm32f0xx_hal_tim.c.obj
LOAD CMakeFiles/UART_callbacks.elf.dir/Drivers/STM32F0xx_HAL_Driver/Src/stm32f0xx_hal_tim_ex.c.obj
LOAD CMakeFiles/UART_callbacks.elf.dir/Drivers/STM32F0xx_HAL_Driver/Src/stm32f0xx_hal_uart.c.obj
LOAD CMakeFiles/UART_callbacks.elf.dir/Drivers/STM32F0xx_HAL_Driver/Src/stm32f0xx_hal_uart_ex.c.obj
START GROUP
LOAD /home/kovoya_mint/toolchain_arm/arm-gnu-toolchain-13.2.Rel1-x86_64-arm-none-eabi/bin/../lib/gcc/arm-none-eabi/13.2.1/thumb/v6-m/nofp/libgcc.a
LOAD /home/kovoya_mint/toolchain_arm/arm-gnu-toolchain-13.2.Rel1-x86_64-arm-none-eabi/bin/../lib/gcc/arm-none-eabi/13.2.1/../../../../arm-none-eabi/lib/thumb/v6-m/nofp/libg.a
LOAD /home/kovoya_mint/toolchain_arm/arm-gnu-toolchain-13.2.Rel1-x86_64-arm-none-eabi/bin/../lib/gcc/arm-none-eabi/13.2.1/../../../../arm-none-eabi/lib/thumb/v6-m/nofp/libc.a
END GROUP
LOAD /home/kovoya_mint/toolchain_arm/arm-gnu-toolchain-13.2.Rel1-x86_64-arm-none-eabi/bin/../lib/gcc/arm-none-eabi/13.2.1/thumb/v6-m/nofp/crtend.o
LOAD /home/kovoya_mint/toolchain_arm/arm-gnu-toolchain-13.2.Rel1-x86_64-arm-none-eabi/bin/../lib/gcc/arm-none-eabi/13.2.1/thumb/v6-m/nofp/crtn.o
                0x20002000                        _estack = (ORIGIN (RAM) + LENGTH (RAM))
                0x00000200                        _Min_Heap_Size = 0x200
                0x00000400                        _Min_Stack_Size = 0x400

.isr_vector     0x08000000       0xc0
                0x08000000                        . = ALIGN (0x4)
 *(.isr_vector)
 .isr_vector    0x08000000       0xc0 CMakeFiles/UART_callbacks.elf.dir/Core/Startup/startup_stm32f030r8tx.s.obj
                0x08000000                g_pfnVectors
                0x080000c0                        . = ALIGN (0x4)

.text           0x080000c0     0x2980
                0x080000c0                        . = ALIGN (0x4)
 *(.text)
 .text          0x080000c0      0x114 /home/kovoya_mint/toolchain_arm/arm-gnu-toolchain-13.2.Rel1-x86_64-arm-none-eabi/bin/../lib/gcc/arm-none-eabi/13.2.1/thumb/v6-m/nofp/libgcc.a(_udivsi3.o)
                0x080000c0                __udivsi3
                0x080000c0                __aeabi_uidiv
                0x080001cc                __aeabi_uidivmod
 .text          0x080001d4        0x4 /home/kovoya_mint/toolchain_arm/arm-gnu-toolchain-13.2.Rel1-x86_64-arm-none-eabi/bin/../lib/gcc/arm-none-eabi/13.2.1/thumb/v6-m/nofp/libgcc.a(_dvmd_tls.o)
                0x080001d4                __aeabi_ldiv0
                0x080001d4                __aeabi_idiv0
 *(.text*)
 .text.deregister_tm_clones
                0x080001d8       0x20 /home/kovoya_mint/toolchain_arm/arm-gnu-toolchain-13.2.Rel1-x86_64-arm-none-eabi/bin/../lib/gcc/arm-none-eabi/13.2.1/thumb/v6-m/nofp/crtbegin.o
 .text.register_tm_clones
                0x080001f8       0x28 /home/kovoya_mint/toolchain_arm/arm-gnu-toolchain-13.2.Rel1-x86_64-arm-none-eabi/bin/../lib/gcc/arm-none-eabi/13.2.1/thumb/v6-m/nofp/crtbegin.o
 .text.__do_global_dtors_aux
                0x08000220       0x2c /home/kovoya_mint/toolchain_arm/arm-gnu-toolchain-13.2.Rel1-x86_64-arm-none-eabi/bin/../lib/gcc/arm-none-eabi/13.2.1/thumb/v6-m/nofp/crtbegin.o
 .text.frame_dummy
                0x0800024c       0x24 /home/kovoya_mint/toolchain_arm/arm-gnu-toolchain-13.2.Rel1-x86_64-arm-none-eabi/bin/../lib/gcc/arm-none-eabi/13.2.1/thumb/v6-m/nofp/crtbegin.o
 .text.fifo_copy_to
                0x08000270       0x2a CMakeFiles/UART_callbacks.elf.dir/Core/Src/main.c.obj
 .text.fifo_copy_from
                0x0800029a       0x2c CMakeFiles/UART_callbacks.elf.dir/Core/Src/main.c.obj
 *fill*         0x080002c6        0x2 
 .text.MX_GPIO_Init
                0x080002c8       0x8c CMakeFiles/UART_callbacks.elf.dir/Core/Src/main.c.obj
 .text.MX_DMA_Init
                0x08000354       0x30 CMakeFiles/UART_callbacks.elf.dir/Core/Src/main.c.obj
 .text.fifo_create
                0x08000384       0x40 CMakeFiles/UART_callbacks.elf.dir/Core/Src/main.c.obj
                0x08000384                fifo_create
 .text.fifo_is_full
                0x080003c4       0x10 CMakeFiles/UART_callbacks.elf.dir/Core/Src/main.c.obj
                0x080003c4                fifo_is_full
 .text.fifo_add
                0x080003d4       0x26 CMakeFiles/UART_callbacks.elf.dir/Core/Src/main.c.obj
                0x080003d4                fifo_add
 *fill*         0x080003fa        0x2 
 .text.myCallback
                0x080003fc       0x34 CMakeFiles/UART_callbacks.elf.dir/Core/Src/main.c.obj
                0x080003fc                myCallback
 .text.fifo_is_empty
                0x08000430        0xe CMakeFiles/UART_callbacks.elf.dir/Core/Src/main.c.obj
                0x08000430                fifo_is_empty
 .text.fifo_get
                0x0800043e       0x26 CMakeFiles/UART_callbacks.elf.dir/Core/Src/main.c.obj
                0x0800043e                fifo_get
 .text.Error_Handler
                0x08000464        0x4 CMakeFiles/UART_callbacks.elf.dir/Core/Src/main.c.obj
                0x08000464                Error_Handler
 .text.MX_USART2_UART_Init
                0x08000468       0x38 CMakeFiles/UART_callbacks.elf.dir/Core/Src/main.c.obj
 .text.SystemClock_Config
                0x080004a0       0x5c CMakeFiles/UART_callbacks.elf.dir/Core/Src/main.c.obj
                0x080004a0                SystemClock_Config
 .text.main     0x080004fc       0x8c CMakeFiles/UART_callbacks.elf.dir/Core/Src/main.c.obj
                0x080004fc                main
 .text.HAL_MspInit
                0x08000588       0x30 CMakeFiles/UART_callbacks.elf.dir/Core/Src/stm32f0xx_hal_msp.c.obj
                0x08000588                HAL_MspInit
 .text.HAL_UART_MspInit
                0x080005b8       0xa4 CMakeFiles/UART_callbacks.elf.dir/Core/Src/stm32f0xx_hal_msp.c.obj
                0x080005b8                HAL_UART_MspInit
 .text.NMI_Handler
                0x0800065c        0x2 CMakeFiles/UART_callbacks.elf.dir/Core/Src/stm32f0xx_it.c.obj
                0x0800065c                NMI_Handler
 .text.HardFault_Handler
                0x0800065e        0x2 CMakeFiles/UART_callbacks.elf.dir/Core/Src/stm32f0xx_it.c.obj
                0x0800065e                HardFault_Handler
 .text.SVC_Handler
                0x08000660        0x2 CMakeFiles/UART_callbacks.elf.dir/Core/Src/stm32f0xx_it.c.obj
                0x08000660                SVC_Handler
 .text.PendSV_Handler
                0x08000662        0x2 CMakeFiles/UART_callbacks.elf.dir/Core/Src/stm32f0xx_it.c.obj
                0x08000662                PendSV_Handler
 .text.SysTick_Handler
                0x08000664        0x8 CMakeFiles/UART_callbacks.elf.dir/Core/Src/stm32f0xx_it.c.obj
                0x08000664                SysTick_Handler
 .text.DMA1_Channel4_5_IRQHandler
                0x0800066c       0x10 CMakeFiles/UART_callbacks.elf.dir/Core/Src/stm32f0xx_it.c.obj
                0x0800066c                DMA1_Channel4_5_IRQHandler
 .text.USART2_IRQHandler
                0x0800067c       0x10 CMakeFiles/UART_callbacks.elf.dir/Core/Src/stm32f0xx_it.c.obj
                0x0800067c                USART2_IRQHandler
 .text._sbrk    0x0800068c       0x48 CMakeFiles/UART_callbacks.elf.dir/Core/Src/sysmem.c.obj
                0x0800068c                _sbrk
 .text.SystemInit
                0x080006d4        0x2 CMakeFiles/UART_callbacks.elf.dir/Core/Src/system_stm32f0xx.c.obj
                0x080006d4                SystemInit
 *fill*         0x080006d6        0x2 
 .text.Reset_Handler
                0x080006d8       0x50 CMakeFiles/UART_callbacks.elf.dir/Core/Startup/startup_stm32f030r8tx.s.obj
                0x080006d8                Reset_Handler
 .text.Default_Handler
                0x08000728        0x2 CMakeFiles/UART_callbacks.elf.dir/Core/Startup/startup_stm32f030r8tx.s.obj
                0x08000728                TIM1_CC_IRQHandler
                0x08000728                TIM6_IRQHandler
                0x08000728                I2C1_IRQHandler
                0x08000728                SPI1_IRQHandler
                0x08000728                EXTI2_3_IRQHandler
                0x08000728                ADC1_IRQHandler
                0x08000728                I2C2_IRQHandler
                0x08000728                TIM17_IRQHandler
                0x08000728                RTC_IRQHandler
                0x08000728                TIM16_IRQHandler
                0x08000728                TIM3_IRQHandler
                0x08000728                EXTI4_15_IRQHandler
                0x08000728                RCC_IRQHandler
                0x08000728                DMA1_Channel1_IRQHandler
                0x08000728                Default_Handler
                0x08000728                TIM14_IRQHandler
                0x08000728                TIM15_IRQHandler
                0x08000728                EXTI0_1_IRQHandler
                0x08000728                SPI2_IRQHandler
                0x08000728                WWDG_IRQHandler
                0x08000728                DMA1_Channel2_3_IRQHandler
                0x08000728                FLASH_IRQHandler
                0x08000728                USART1_IRQHandler
                0x08000728                TIM1_BRK_UP_TRG_COM_IRQHandler
 *fill*         0x0800072a        0x2 
 .text.HAL_InitTick
                0x0800072c       0x50 CMakeFiles/UART_callbacks.elf.dir/Drivers/STM32F0xx_HAL_Driver/Src/stm32f0xx_hal.c.obj
                0x0800072c                HAL_InitTick
 .text.HAL_Init
                0x0800077c       0x20 CMakeFiles/UART_callbacks.elf.dir/Drivers/STM32F0xx_HAL_Driver/Src/stm32f0xx_hal.c.obj
                0x0800077c                HAL_Init
 .text.HAL_IncTick
                0x0800079c       0x18 CMakeFiles/UART_callbacks.elf.dir/Drivers/STM32F0xx_HAL_Driver/Src/stm32f0xx_hal.c.obj
                0x0800079c                HAL_IncTick
 .text.HAL_GetTick
                0x080007b4        0xc CMakeFiles/UART_callbacks.elf.dir/Drivers/STM32F0xx_HAL_Driver/Src/stm32f0xx_hal.c.obj
                0x080007b4                HAL_GetTick
 .text.__NVIC_SetPriority
                0x080007c0       0x60 CMakeFiles/UART_callbacks.elf.dir/Drivers/STM32F0xx_HAL_Driver/Src/stm32f0xx_hal_cortex.c.obj
 .text.SysTick_Config
                0x08000820       0x38 CMakeFiles/UART_callbacks.elf.dir/Drivers/STM32F0xx_HAL_Driver/Src/stm32f0xx_hal_cortex.c.obj
 .text.HAL_NVIC_SetPriority
                0x08000858        0x8 CMakeFiles/UART_callbacks.elf.dir/Drivers/STM32F0xx_HAL_Driver/Src/stm32f0xx_hal_cortex.c.obj
                0x08000858                HAL_NVIC_SetPriority
 .text.HAL_NVIC_EnableIRQ
                0x08000860       0x18 CMakeFiles/UART_callbacks.elf.dir/Drivers/STM32F0xx_HAL_Driver/Src/stm32f0xx_hal_cortex.c.obj
                0x08000860                HAL_NVIC_EnableIRQ
 .text.HAL_SYSTICK_Config
                0x08000878        0x8 CMakeFiles/UART_callbacks.elf.dir/Drivers/STM32F0xx_HAL_Driver/Src/stm32f0xx_hal_cortex.c.obj
                0x08000878                HAL_SYSTICK_Config
 .text.DMA_CalcBaseAndBitshift
                0x08000880       0x24 CMakeFiles/UART_callbacks.elf.dir/Drivers/STM32F0xx_HAL_Driver/Src/stm32f0xx_hal_dma.c.obj
 .text.HAL_DMA_Init
                0x080008a4       0x50 CMakeFiles/UART_callbacks.elf.dir/Drivers/STM32F0xx_HAL_Driver/Src/stm32f0xx_hal_dma.c.obj
                0x080008a4                HAL_DMA_Init
 .text.HAL_DMA_Abort
                0x080008f4       0x44 CMakeFiles/UART_callbacks.elf.dir/Drivers/STM32F0xx_HAL_Driver/Src/stm32f0xx_hal_dma.c.obj
                0x080008f4                HAL_DMA_Abort
 .text.HAL_DMA_Abort_IT
                0x08000938       0x4a CMakeFiles/UART_callbacks.elf.dir/Drivers/STM32F0xx_HAL_Driver/Src/stm32f0xx_hal_dma.c.obj
                0x08000938                HAL_DMA_Abort_IT
 .text.HAL_DMA_IRQHandler
                0x08000982       0xaa CMakeFiles/UART_callbacks.elf.dir/Drivers/STM32F0xx_HAL_Driver/Src/stm32f0xx_hal_dma.c.obj
                0x08000982                HAL_DMA_IRQHandler
 .text.HAL_GPIO_Init
                0x08000a2c      0x188 CMakeFiles/UART_callbacks.elf.dir/Drivers/STM32F0xx_HAL_Driver/Src/stm32f0xx_hal_gpio.c.obj
                0x08000a2c                HAL_GPIO_Init
 .text.HAL_GPIO_WritePin
                0x08000bb4        0xc CMakeFiles/UART_callbacks.elf.dir/Drivers/STM32F0xx_HAL_Driver/Src/stm32f0xx_hal_gpio.c.obj
                0x08000bb4                HAL_GPIO_WritePin
 .text.HAL_RCC_OscConfig
                0x08000bc0      0x49c CMakeFiles/UART_callbacks.elf.dir/Drivers/STM32F0xx_HAL_Driver/Src/stm32f0xx_hal_rcc.c.obj
                0x08000bc0                HAL_RCC_OscConfig
 .text.HAL_RCC_GetSysClockFreq
                0x0800105c       0x54 CMakeFiles/UART_callbacks.elf.dir/Drivers/STM32F0xx_HAL_Driver/Src/stm32f0xx_hal_rcc.c.obj
                0x0800105c                HAL_RCC_GetSysClockFreq
 .text.HAL_RCC_ClockConfig
                0x080010b0      0x134 CMakeFiles/UART_callbacks.elf.dir/Drivers/STM32F0xx_HAL_Driver/Src/stm32f0xx_hal_rcc.c.obj
                0x080010b0                HAL_RCC_ClockConfig
 .text.HAL_RCC_GetHCLKFreq
                0x080011e4        0xc CMakeFiles/UART_callbacks.elf.dir/Drivers/STM32F0xx_HAL_Driver/Src/stm32f0xx_hal_rcc.c.obj
                0x080011e4                HAL_RCC_GetHCLKFreq
 .text.HAL_RCC_GetPCLK1Freq
                0x080011f0       0x20 CMakeFiles/UART_callbacks.elf.dir/Drivers/STM32F0xx_HAL_Driver/Src/stm32f0xx_hal_rcc.c.obj
                0x080011f0                HAL_RCC_GetPCLK1Freq
 .text.HAL_UART_TxCpltCallback
                0x08001210        0x2 CMakeFiles/UART_callbacks.elf.dir/Drivers/STM32F0xx_HAL_Driver/Src/stm32f0xx_hal_uart.c.obj
                0x08001210                HAL_UART_TxCpltCallback
 .text.HAL_UART_TxHalfCpltCallback
                0x08001212        0x2 CMakeFiles/UART_callbacks.elf.dir/Drivers/STM32F0xx_HAL_Driver/Src/stm32f0xx_hal_uart.c.obj
                0x08001212                HAL_UART_TxHalfCpltCallback
 .text.HAL_UART_RxCpltCallback
                0x08001214        0x2 CMakeFiles/UART_callbacks.elf.dir/Drivers/STM32F0xx_HAL_Driver/Src/stm32f0xx_hal_uart.c.obj
                0x08001214                HAL_UART_RxCpltCallback
 .text.HAL_UART_RxHalfCpltCallback
                0x08001216        0x2 CMakeFiles/UART_callbacks.elf.dir/Drivers/STM32F0xx_HAL_Driver/Src/stm32f0xx_hal_uart.c.obj
                0x08001216                HAL_UART_RxHalfCpltCallback
 .text.HAL_UART_ErrorCallback
                0x08001218        0x2 CMakeFiles/UART_callbacks.elf.dir/Drivers/STM32F0xx_HAL_Driver/Src/stm32f0xx_hal_uart.c.obj
                0x08001218                HAL_UART_ErrorCallback
 .text.HAL_UART_AbortCpltCallback
                0x0800121a        0x2 CMakeFiles/UART_callbacks.elf.dir/Drivers/STM32F0xx_HAL_Driver/Src/stm32f0xx_hal_uart.c.obj
                0x0800121a                HAL_UART_AbortCpltCallback
 .text.HAL_UART_AbortTransmitCpltCallback
                0x0800121c        0x2 CMakeFiles/UART_callbacks.elf.dir/Drivers/STM32F0xx_HAL_Driver/Src/stm32f0xx_hal_uart.c.obj
                0x0800121c                HAL_UART_AbortTransmitCpltCallback
 .text.HAL_UART_AbortReceiveCpltCallback
                0x0800121e        0x2 CMakeFiles/UART_callbacks.elf.dir/Drivers/STM32F0xx_HAL_Driver/Src/stm32f0xx_hal_uart.c.obj
                0x0800121e                HAL_UART_AbortReceiveCpltCallback
 .text.HAL_UARTEx_RxEventCallback
                0x08001220        0x2 CMakeFiles/UART_callbacks.elf.dir/Drivers/STM32F0xx_HAL_Driver/Src/stm32f0xx_hal_uart.c.obj
                0x08001220                HAL_UARTEx_RxEventCallback
 *fill*         0x08001222        0x2 
 .text.UART_EndRxTransfer
                0x08001224       0x60 CMakeFiles/UART_callbacks.elf.dir/Drivers/STM32F0xx_HAL_Driver/Src/stm32f0xx_hal_uart.c.obj
 .text.UART_DMAAbortOnError
                0x08001284       0x16 CMakeFiles/UART_callbacks.elf.dir/Drivers/STM32F0xx_HAL_Driver/Src/stm32f0xx_hal_uart.c.obj
 .text.UART_EndTransmit_IT
                0x0800129a       0x2a CMakeFiles/UART_callbacks.elf.dir/Drivers/STM32F0xx_HAL_Driver/Src/stm32f0xx_hal_uart.c.obj
 .text.UART_RxISR_8BIT
                0x080012c4       0xe0 CMakeFiles/UART_callbacks.elf.dir/Drivers/STM32F0xx_HAL_Driver/Src/stm32f0xx_hal_uart.c.obj
 .text.UART_RxISR_16BIT
                0x080013a4       0xdc CMakeFiles/UART_callbacks.elf.dir/Drivers/STM32F0xx_HAL_Driver/Src/stm32f0xx_hal_uart.c.obj
 .text.HAL_UART_RegisterCallback
                0x08001480       0xc4 CMakeFiles/UART_callbacks.elf.dir/Drivers/STM32F0xx_HAL_Driver/Src/stm32f0xx_hal_uart.c.obj
                0x08001480                HAL_UART_RegisterCallback
 .text.HAL_UART_IRQHandler
                0x08001544      0x2c4 CMakeFiles/UART_callbacks.elf.dir/Drivers/STM32F0xx_HAL_Driver/Src/stm32f0xx_hal_uart.c.obj
                0x08001544                HAL_UART_IRQHandler
 .text.UART_InitCallbacksToDefault
                0x08001808       0x5c CMakeFiles/UART_callbacks.elf.dir/Drivers/STM32F0xx_HAL_Driver/Src/stm32f0xx_hal_uart.c.obj
                0x08001808                UART_InitCallbacksToDefault
 .text.UART_SetConfig
                0x08001864      0x170 CMakeFiles/UART_callbacks.elf.dir/Drivers/STM32F0xx_HAL_Driver/Src/stm32f0xx_hal_uart.c.obj
                0x08001864                UART_SetConfig
 .text.UART_AdvFeatureConfig
                0x080019d4       0xe0 CMakeFiles/UART_callbacks.elf.dir/Drivers/STM32F0xx_HAL_Driver/Src/stm32f0xx_hal_uart.c.obj
                0x080019d4                UART_AdvFeatureConfig
 .text.UART_WaitOnFlagUntilTimeout
                0x08001ab4       0x96 CMakeFiles/UART_callbacks.elf.dir/Drivers/STM32F0xx_HAL_Driver/Src/stm32f0xx_hal_uart.c.obj
                0x08001ab4                UART_WaitOnFlagUntilTimeout
 .text.HAL_UART_Transmit
                0x08001b4a       0xf2 CMakeFiles/UART_callbacks.elf.dir/Drivers/STM32F0xx_HAL_Driver/Src/stm32f0xx_hal_uart.c.obj
                0x08001b4a                HAL_UART_Transmit
 .text.UART_CheckIdleState
                0x08001c3c       0xd0 CMakeFiles/UART_callbacks.elf.dir/Drivers/STM32F0xx_HAL_Driver/Src/stm32f0xx_hal_uart.c.obj
                0x08001c3c                UART_CheckIdleState
 .text.HAL_UART_Init
                0x08001d0c       0x88 CMakeFiles/UART_callbacks.elf.dir/Drivers/STM32F0xx_HAL_Driver/Src/stm32f0xx_hal_uart.c.obj
                0x08001d0c                HAL_UART_Init
 .text.UART_Start_Receive_IT
                0x08001d94       0xd4 CMakeFiles/UART_callbacks.elf.dir/Drivers/STM32F0xx_HAL_Driver/Src/stm32f0xx_hal_uart.c.obj
                0x08001d94                UART_Start_Receive_IT
 .text.HAL_UART_Receive_IT
                0x08001e68       0x62 CMakeFiles/UART_callbacks.elf.dir/Drivers/STM32F0xx_HAL_Driver/Src/stm32f0xx_hal_uart.c.obj
                0x08001e68                HAL_UART_Receive_IT
 *fill*         0x08001eca        0x2 
 .text.__errno  0x08001ecc        0xc /home/kovoya_mint/toolchain_arm/arm-gnu-toolchain-13.2.Rel1-x86_64-arm-none-eabi/bin/../lib/gcc/arm-none-eabi/13.2.1/../../../../arm-none-eabi/lib/thumb/v6-m/nofp/libg.a(libc_a-errno.o)
                0x08001ecc                __errno
 .text.malloc   0x08001ed8       0x14 /home/kovoya_mint/toolchain_arm/arm-gnu-toolchain-13.2.Rel1-x86_64-arm-none-eabi/bin/../lib/gcc/arm-none-eabi/13.2.1/../../../../arm-none-eabi/lib/thumb/v6-m/nofp/libg.a(libc_a-malloc.o)
                0x08001ed8                malloc
 .text.free     0x08001eec       0x14 /home/kovoya_mint/toolchain_arm/arm-gnu-toolchain-13.2.Rel1-x86_64-arm-none-eabi/bin/../lib/gcc/arm-none-eabi/13.2.1/../../../../arm-none-eabi/lib/thumb/v6-m/nofp/libg.a(libc_a-malloc.o)
                0x08001eec                free
 .text._malloc_r
                0x08001f00      0x5c4 /home/kovoya_mint/toolchain_arm/arm-gnu-toolchain-13.2.Rel1-x86_64-arm-none-eabi/bin/../lib/gcc/arm-none-eabi/13.2.1/../../../../arm-none-eabi/lib/thumb/v6-m/nofp/libg.a(libc_a-mallocr.o)
                0x08001f00                _malloc_r
 .text.startup.register_fini
                0x080024c4       0x18 /home/kovoya_mint/toolchain_arm/arm-gnu-toolchain-13.2.Rel1-x86_64-arm-none-eabi/bin/../lib/gcc/arm-none-eabi/13.2.1/../../../../arm-none-eabi/lib/thumb/v6-m/nofp/libg.a(libc_a-__call_atexit.o)
 .text.memset   0x080024dc       0xa8 /home/kovoya_mint/toolchain_arm/arm-gnu-toolchain-13.2.Rel1-x86_64-arm-none-eabi/bin/../lib/gcc/arm-none-eabi/13.2.1/../../../../arm-none-eabi/lib/thumb/v6-m/nofp/libg.a(libc_a-memset.o)
                0x080024dc                memset
 .text.__libc_init_array
                0x08002584       0x48 /home/kovoya_mint/toolchain_arm/arm-gnu-toolchain-13.2.Rel1-x86_64-arm-none-eabi/bin/../lib/gcc/arm-none-eabi/13.2.1/../../../../arm-none-eabi/lib/thumb/v6-m/nofp/libg.a(libc_a-init.o)
                0x08002584                __libc_init_array
 .text.__libc_fini_array
                0x080025cc       0x28 /home/kovoya_mint/toolchain_arm/arm-gnu-toolchain-13.2.Rel1-x86_64-arm-none-eabi/bin/../lib/gcc/arm-none-eabi/13.2.1/../../../../arm-none-eabi/lib/thumb/v6-m/nofp/libg.a(libc_a-fini.o)
                0x080025cc                __libc_fini_array
 .text.__retarget_lock_acquire_recursive
                0x080025f4        0x4 /home/kovoya_mint/toolchain_arm/arm-gnu-toolchain-13.2.Rel1-x86_64-arm-none-eabi/bin/../lib/gcc/arm-none-eabi/13.2.1/../../../../arm-none-eabi/lib/thumb/v6-m/nofp/libg.a(libc_a-lock.o)
                0x080025f4                __retarget_lock_acquire_recursive
 .text.__retarget_lock_release_recursive
                0x080025f8        0x4 /home/kovoya_mint/toolchain_arm/arm-gnu-toolchain-13.2.Rel1-x86_64-arm-none-eabi/bin/../lib/gcc/arm-none-eabi/13.2.1/../../../../arm-none-eabi/lib/thumb/v6-m/nofp/libg.a(libc_a-lock.o)
                0x080025f8                __retarget_lock_release_recursive
 .text.sysconf  0x080025fc       0x1c /home/kovoya_mint/toolchain_arm/arm-gnu-toolchain-13.2.Rel1-x86_64-arm-none-eabi/bin/../lib/gcc/arm-none-eabi/13.2.1/../../../../arm-none-eabi/lib/thumb/v6-m/nofp/libg.a(libc_a-sysconf.o)
                0x080025fc                sysconf
 .text.__malloc_lock
                0x08002618       0x10 /home/kovoya_mint/toolchain_arm/arm-gnu-toolchain-13.2.Rel1-x86_64-arm-none-eabi/bin/../lib/gcc/arm-none-eabi/13.2.1/../../../../arm-none-eabi/lib/thumb/v6-m/nofp/libg.a(libc_a-mlock.o)
                0x08002618                __malloc_lock
 .text.__malloc_unlock
                0x08002628       0x10 /home/kovoya_mint/toolchain_arm/arm-gnu-toolchain-13.2.Rel1-x86_64-arm-none-eabi/bin/../lib/gcc/arm-none-eabi/13.2.1/../../../../arm-none-eabi/lib/thumb/v6-m/nofp/libg.a(libc_a-mlock.o)
                0x08002628                __malloc_unlock
 .text.atexit   0x08002638       0x10 /home/kovoya_mint/toolchain_arm/arm-gnu-toolchain-13.2.Rel1-x86_64-arm-none-eabi/bin/../lib/gcc/arm-none-eabi/13.2.1/../../../../arm-none-eabi/lib/thumb/v6-m/nofp/libg.a(libc_a-atexit.o)
                0x08002638                atexit
 .text.memcpy   0x08002648       0x8c /home/kovoya_mint/toolchain_arm/arm-gnu-toolchain-13.2.Rel1-x86_64-arm-none-eabi/bin/../lib/gcc/arm-none-eabi/13.2.1/../../../../arm-none-eabi/lib/thumb/v6-m/nofp/libg.a(libc_a-memcpy-stub.o)
                0x08002648                memcpy
 .text._malloc_trim_r
                0x080026d4       0xb4 /home/kovoya_mint/toolchain_arm/arm-gnu-toolchain-13.2.Rel1-x86_64-arm-none-eabi/bin/../lib/gcc/arm-none-eabi/13.2.1/../../../../arm-none-eabi/lib/thumb/v6-m/nofp/libg.a(libc_a-freer.o)
                0x080026d4                _malloc_trim_r
 .text._free_r  0x08002788      0x1d4 /home/kovoya_mint/toolchain_arm/arm-gnu-toolchain-13.2.Rel1-x86_64-arm-none-eabi/bin/../lib/gcc/arm-none-eabi/13.2.1/../../../../arm-none-eabi/lib/thumb/v6-m/nofp/libg.a(libc_a-freer.o)
                0x08002788                _free_r
 .text._sbrk_r  0x0800295c       0x24 /home/kovoya_mint/toolchain_arm/arm-gnu-toolchain-13.2.Rel1-x86_64-arm-none-eabi/bin/../lib/gcc/arm-none-eabi/13.2.1/../../../../arm-none-eabi/lib/thumb/v6-m/nofp/libg.a(libc_a-sbrkr.o)
                0x0800295c                _sbrk_r
 .text.__register_exitproc
                0x08002980       0xa8 /home/kovoya_mint/toolchain_arm/arm-gnu-toolchain-13.2.Rel1-x86_64-arm-none-eabi/bin/../lib/gcc/arm-none-eabi/13.2.1/../../../../arm-none-eabi/lib/thumb/v6-m/nofp/libg.a(libc_a-__atexit.o)
                0x08002980                __register_exitproc
 *(.glue_7)
 .glue_7        0x08002a28        0x0 linker stubs
 *(.glue_7t)
 .glue_7t       0x08002a28        0x0 linker stubs
 *(.eh_frame)
 .eh_frame      0x08002a28        0x0 /home/kovoya_mint/toolchain_arm/arm-gnu-toolchain-13.2.Rel1-x86_64-arm-none-eabi/bin/../lib/gcc/arm-none-eabi/13.2.1/thumb/v6-m/nofp/crtbegin.o
 *(.init)
 .init          0x08002a28        0x4 /home/kovoya_mint/toolchain_arm/arm-gnu-toolchain-13.2.Rel1-x86_64-arm-none-eabi/bin/../lib/gcc/arm-none-eabi/13.2.1/thumb/v6-m/nofp/crti.o
                0x08002a28                _init
 .init          0x08002a2c        0x8 /home/kovoya_mint/toolchain_arm/arm-gnu-toolchain-13.2.Rel1-x86_64-arm-none-eabi/bin/../lib/gcc/arm-none-eabi/13.2.1/thumb/v6-m/nofp/crtn.o
 *(.fini)
 .fini          0x08002a34        0x4 /home/kovoya_mint/toolchain_arm/arm-gnu-toolchain-13.2.Rel1-x86_64-arm-none-eabi/bin/../lib/gcc/arm-none-eabi/13.2.1/thumb/v6-m/nofp/crti.o
                0x08002a34                _fini
 .fini          0x08002a38        0x8 /home/kovoya_mint/toolchain_arm/arm-gnu-toolchain-13.2.Rel1-x86_64-arm-none-eabi/bin/../lib/gcc/arm-none-eabi/13.2.1/thumb/v6-m/nofp/crtn.o
                0x08002a40                        . = ALIGN (0x4)
                0x08002a40                        _etext = .

.vfp11_veneer   0x08002a40        0x0
 .vfp11_veneer  0x08002a40        0x0 linker stubs

.v4_bx          0x08002a40        0x0
 .v4_bx         0x08002a40        0x0 linker stubs

.iplt           0x08002a40        0x0
 .iplt          0x08002a40        0x0 /home/kovoya_mint/toolchain_arm/arm-gnu-toolchain-13.2.Rel1-x86_64-arm-none-eabi/bin/../lib/gcc/arm-none-eabi/13.2.1/thumb/v6-m/nofp/crtbegin.o

.rodata         0x08002a40       0x6c
                0x08002a40                        . = ALIGN (0x4)
 *(.rodata)
 *(.rodata*)
 .rodata.APBPrescTable
                0x08002a40        0x8 CMakeFiles/UART_callbacks.elf.dir/Core/Src/system_stm32f0xx.c.obj
                0x08002a40                APBPrescTable
 .rodata.AHBPrescTable
                0x08002a48       0x10 CMakeFiles/UART_callbacks.elf.dir/Core/Src/system_stm32f0xx.c.obj
                0x08002a48                AHBPrescTable
 .rodata.aPredivFactorTable.0
                0x08002a58       0x10 CMakeFiles/UART_callbacks.elf.dir/Drivers/STM32F0xx_HAL_Driver/Src/stm32f0xx_hal_rcc.c.obj
 .rodata.aPLLMULFactorTable.1
                0x08002a68       0x10 CMakeFiles/UART_callbacks.elf.dir/Drivers/STM32F0xx_HAL_Driver/Src/stm32f0xx_hal_rcc.c.obj
 .rodata.HAL_UART_RegisterCallback
                0x08002a78       0x34 CMakeFiles/UART_callbacks.elf.dir/Drivers/STM32F0xx_HAL_Driver/Src/stm32f0xx_hal_uart.c.obj
                0x08002aac                        . = ALIGN (0x4)

.rel.dyn        0x08002aac        0x0
 .rel.iplt      0x08002aac        0x0 /home/kovoya_mint/toolchain_arm/arm-gnu-toolchain-13.2.Rel1-x86_64-arm-none-eabi/bin/../lib/gcc/arm-none-eabi/13.2.1/thumb/v6-m/nofp/crtbegin.o

.ARM.extab      0x08002aac        0x0
                0x08002aac                        . = ALIGN (0x4)
 *(.ARM.extab* .gnu.linkonce.armextab.*)
                0x08002aac                        . = ALIGN (0x4)

.ARM            0x08002aac        0x0
                0x08002aac                        . = ALIGN (0x4)
                0x08002aac                        __exidx_start = .
 *(.ARM.exidx*)
                0x08002aac                        __exidx_end = .
                0x08002aac                        . = ALIGN (0x4)

.preinit_array  0x08002aac        0x0
                0x08002aac                        . = ALIGN (0x4)
                0x08002aac                        PROVIDE (__preinit_array_start = .)
 *(.preinit_array*)
                0x08002aac                        PROVIDE (__preinit_array_end = .)
                0x08002aac                        . = ALIGN (0x4)

.init_array     0x08002aac        0x8
                0x08002aac                        . = ALIGN (0x4)
                0x08002aac                        PROVIDE (__init_array_start = .)
 *(SORT_BY_NAME(.init_array.*))
 .init_array.00000
                0x08002aac        0x4 /home/kovoya_mint/toolchain_arm/arm-gnu-toolchain-13.2.Rel1-x86_64-arm-none-eabi/bin/../lib/gcc/arm-none-eabi/13.2.1/../../../../arm-none-eabi/lib/thumb/v6-m/nofp/libg.a(libc_a-__call_atexit.o)
 *(.init_array*)
 .init_array    0x08002ab0        0x4 /home/kovoya_mint/toolchain_arm/arm-gnu-toolchain-13.2.Rel1-x86_64-arm-none-eabi/bin/../lib/gcc/arm-none-eabi/13.2.1/thumb/v6-m/nofp/crtbegin.o
                0x08002ab4                        PROVIDE (__init_array_end = .)
                0x08002ab4                        . = ALIGN (0x4)

.fini_array     0x08002ab4        0x4
                0x08002ab4                        . = ALIGN (0x4)
                0x08002ab4                        PROVIDE (__fini_array_start = .)
 *(SORT_BY_NAME(.fini_array.*))
 *(.fini_array*)
 .fini_array    0x08002ab4        0x4 /home/kovoya_mint/toolchain_arm/arm-gnu-toolchain-13.2.Rel1-x86_64-arm-none-eabi/bin/../lib/gcc/arm-none-eabi/13.2.1/thumb/v6-m/nofp/crtbegin.o
                0x08002ab8                        PROVIDE (__fini_array_end = .)
                0x08002ab8                        . = ALIGN (0x4)
                0x08002ab8                        _sidata = LOADADDR (.data)

.data           0x20000000      0x548 load address 0x08002ab8
                0x20000000                        . = ALIGN (0x4)
                0x20000000                        _sdata = .
 *(.data)
 *(.data*)
 .data.SystemCoreClock
                0x20000000        0x4 CMakeFiles/UART_callbacks.elf.dir/Core/Src/system_stm32f0xx.c.obj
                0x20000000                SystemCoreClock
 .data.uwTickFreq
                0x20000004        0x1 CMakeFiles/UART_callbacks.elf.dir/Drivers/STM32F0xx_HAL_Driver/Src/stm32f0xx_hal.c.obj
                0x20000004                uwTickFreq
 *fill*         0x20000005        0x3 
 .data.uwTickPrio
                0x20000008        0x4 CMakeFiles/UART_callbacks.elf.dir/Drivers/STM32F0xx_HAL_Driver/Src/stm32f0xx_hal.c.obj
                0x20000008                uwTickPrio
 .data.__malloc_sbrk_base
                0x2000000c        0x4 /home/kovoya_mint/toolchain_arm/arm-gnu-toolchain-13.2.Rel1-x86_64-arm-none-eabi/bin/../lib/gcc/arm-none-eabi/13.2.1/../../../../arm-none-eabi/lib/thumb/v6-m/nofp/libg.a(libc_a-mallocr.o)
                0x2000000c                __malloc_sbrk_base
 .data.__malloc_trim_threshold
                0x20000010        0x4 /home/kovoya_mint/toolchain_arm/arm-gnu-toolchain-13.2.Rel1-x86_64-arm-none-eabi/bin/../lib/gcc/arm-none-eabi/13.2.1/../../../../arm-none-eabi/lib/thumb/v6-m/nofp/libg.a(libc_a-mallocr.o)
                0x20000010                __malloc_trim_threshold
 *fill*         0x20000014        0x4 
 .data.__malloc_av_
                0x20000018      0x408 /home/kovoya_mint/toolchain_arm/arm-gnu-toolchain-13.2.Rel1-x86_64-arm-none-eabi/bin/../lib/gcc/arm-none-eabi/13.2.1/../../../../arm-none-eabi/lib/thumb/v6-m/nofp/libg.a(libc_a-mallocr.o)
                0x20000018                __malloc_av_
 .data.__atexit_recursive_mutex
                0x20000420        0x4 /home/kovoya_mint/toolchain_arm/arm-gnu-toolchain-13.2.Rel1-x86_64-arm-none-eabi/bin/../lib/gcc/arm-none-eabi/13.2.1/../../../../arm-none-eabi/lib/thumb/v6-m/nofp/libg.a(libc_a-__call_atexit.o)
                0x20000420                __atexit_recursive_mutex
 .data._impure_ptr
                0x20000424        0x4 /home/kovoya_mint/toolchain_arm/arm-gnu-toolchain-13.2.Rel1-x86_64-arm-none-eabi/bin/../lib/gcc/arm-none-eabi/13.2.1/../../../../arm-none-eabi/lib/thumb/v6-m/nofp/libg.a(libc_a-impure.o)
                0x20000424                _impure_ptr
 .data._impure_data
                0x20000428      0x120 /home/kovoya_mint/toolchain_arm/arm-gnu-toolchain-13.2.Rel1-x86_64-arm-none-eabi/bin/../lib/gcc/arm-none-eabi/13.2.1/../../../../arm-none-eabi/lib/thumb/v6-m/nofp/libg.a(libc_a-impure.o)
                0x20000428                _impure_data
 *(.RamFunc)
 *(.RamFunc*)
                0x20000548                        . = ALIGN (0x4)
                0x20000548                        _edata = .

.tm_clone_table
                0x20000548        0x0 load address 0x08003000
 .tm_clone_table
                0x20000548        0x0 /home/kovoya_mint/toolchain_arm/arm-gnu-toolchain-13.2.Rel1-x86_64-arm-none-eabi/bin/../lib/gcc/arm-none-eabi/13.2.1/thumb/v6-m/nofp/crtbegin.o
 .tm_clone_table
                0x20000548        0x0 /home/kovoya_mint/toolchain_arm/arm-gnu-toolchain-13.2.Rel1-x86_64-arm-none-eabi/bin/../lib/gcc/arm-none-eabi/13.2.1/thumb/v6-m/nofp/crtend.o

.igot.plt       0x20000548        0x0 load address 0x08003000
 .igot.plt      0x20000548        0x0 /home/kovoya_mint/toolchain_arm/arm-gnu-toolchain-13.2.Rel1-x86_64-arm-none-eabi/bin/../lib/gcc/arm-none-eabi/13.2.1/thumb/v6-m/nofp/crtbegin.o
                0x20000548                        . = ALIGN (0x4)

.bss            0x20000548      0x438 load address 0x08003000
                0x20000548                        _sbss = .
                0x20000548                        __bss_start__ = _sbss
 *(.bss)
 *(.bss*)
 .bss.completed.1
                0x20000548        0x1 /home/kovoya_mint/toolchain_arm/arm-gnu-toolchain-13.2.Rel1-x86_64-arm-none-eabi/bin/../lib/gcc/arm-none-eabi/13.2.1/thumb/v6-m/nofp/crtbegin.o
 *fill*         0x20000549        0x3 
 .bss.object.0  0x2000054c       0x18 /home/kovoya_mint/toolchain_arm/arm-gnu-toolchain-13.2.Rel1-x86_64-arm-none-eabi/bin/../lib/gcc/arm-none-eabi/13.2.1/thumb/v6-m/nofp/crtbegin.o
 .bss.buffer    0x20000564        0x4 CMakeFiles/UART_callbacks.elf.dir/Core/Src/main.c.obj
                0x20000564                buffer
 .bss.i         0x20000568        0x1 CMakeFiles/UART_callbacks.elf.dir/Core/Src/main.c.obj
                0x20000568                i
 *fill*         0x20000569        0x3 
 .bss.temp_rxBuffer
                0x2000056c        0x1 CMakeFiles/UART_callbacks.elf.dir/Core/Src/main.c.obj
                0x2000056c                temp_rxBuffer
 *fill*         0x2000056d        0x3 
 .bss.myfifo    0x20000570        0x4 CMakeFiles/UART_callbacks.elf.dir/Core/Src/main.c.obj
                0x20000570                myfifo
 .bss.hdma_usart2_rx
                0x20000574       0x44 CMakeFiles/UART_callbacks.elf.dir/Core/Src/main.c.obj
                0x20000574                hdma_usart2_rx
 .bss.huart2    0x200005b8       0xb4 CMakeFiles/UART_callbacks.elf.dir/Core/Src/main.c.obj
                0x200005b8                huart2
 .bss.__sbrk_heap_end
                0x2000066c        0x4 CMakeFiles/UART_callbacks.elf.dir/Core/Src/sysmem.c.obj
 .bss.uwTick    0x20000670        0x4 CMakeFiles/UART_callbacks.elf.dir/Drivers/STM32F0xx_HAL_Driver/Src/stm32f0xx_hal.c.obj
                0x20000670                uwTick
 .bss.__malloc_current_mallinfo
                0x20000674       0x28 /home/kovoya_mint/toolchain_arm/arm-gnu-toolchain-13.2.Rel1-x86_64-arm-none-eabi/bin/../lib/gcc/arm-none-eabi/13.2.1/../../../../arm-none-eabi/lib/thumb/v6-m/nofp/libg.a(libc_a-mallocr.o)
                0x20000674                __malloc_current_mallinfo
 .bss.__malloc_max_total_mem
                0x2000069c        0x4 /home/kovoya_mint/toolchain_arm/arm-gnu-toolchain-13.2.Rel1-x86_64-arm-none-eabi/bin/../lib/gcc/arm-none-eabi/13.2.1/../../../../arm-none-eabi/lib/thumb/v6-m/nofp/libg.a(libc_a-mallocr.o)
                0x2000069c                __malloc_max_total_mem
 .bss.__malloc_max_sbrked_mem
                0x200006a0        0x4 /home/kovoya_mint/toolchain_arm/arm-gnu-toolchain-13.2.Rel1-x86_64-arm-none-eabi/bin/../lib/gcc/arm-none-eabi/13.2.1/../../../../arm-none-eabi/lib/thumb/v6-m/nofp/libg.a(libc_a-mallocr.o)
                0x200006a0                __malloc_max_sbrked_mem
 .bss.__malloc_top_pad
                0x200006a4        0x4 /home/kovoya_mint/toolchain_arm/arm-gnu-toolchain-13.2.Rel1-x86_64-arm-none-eabi/bin/../lib/gcc/arm-none-eabi/13.2.1/../../../../arm-none-eabi/lib/thumb/v6-m/nofp/libg.a(libc_a-mallocr.o)
                0x200006a4                __malloc_top_pad
 .bss.__atexit  0x200006a8        0x4 /home/kovoya_mint/toolchain_arm/arm-gnu-toolchain-13.2.Rel1-x86_64-arm-none-eabi/bin/../lib/gcc/arm-none-eabi/13.2.1/../../../../arm-none-eabi/lib/thumb/v6-m/nofp/libg.a(libc_a-__call_atexit.o)
                0x200006a8                __atexit
 .bss.__lock___malloc_recursive_mutex
                0x200006ac        0x1 /home/kovoya_mint/toolchain_arm/arm-gnu-toolchain-13.2.Rel1-x86_64-arm-none-eabi/bin/../lib/gcc/arm-none-eabi/13.2.1/../../../../arm-none-eabi/lib/thumb/v6-m/nofp/libg.a(libc_a-lock.o)
                0x200006ac                __lock___malloc_recursive_mutex
 *fill*         0x200006ad        0x3 
 .bss.__lock___atexit_recursive_mutex
                0x200006b0        0x1 /home/kovoya_mint/toolchain_arm/arm-gnu-toolchain-13.2.Rel1-x86_64-arm-none-eabi/bin/../lib/gcc/arm-none-eabi/13.2.1/../../../../arm-none-eabi/lib/thumb/v6-m/nofp/libg.a(libc_a-lock.o)
                0x200006b0                __lock___atexit_recursive_mutex
 *fill*         0x200006b1        0x3 
 .bss.__sf      0x200006b4      0x138 /home/kovoya_mint/toolchain_arm/arm-gnu-toolchain-13.2.Rel1-x86_64-arm-none-eabi/bin/../lib/gcc/arm-none-eabi/13.2.1/../../../../arm-none-eabi/lib/thumb/v6-m/nofp/libg.a(libc_a-findfp.o)
                0x200006b4                __sf
 .bss.__atexit0
                0x200007ec      0x190 /home/kovoya_mint/toolchain_arm/arm-gnu-toolchain-13.2.Rel1-x86_64-arm-none-eabi/bin/../lib/gcc/arm-none-eabi/13.2.1/../../../../arm-none-eabi/lib/thumb/v6-m/nofp/libg.a(libc_a-__atexit.o)
                0x200007ec                __atexit0
 .bss.errno     0x2000097c        0x4 /home/kovoya_mint/toolchain_arm/arm-gnu-toolchain-13.2.Rel1-x86_64-arm-none-eabi/bin/../lib/gcc/arm-none-eabi/13.2.1/../../../../arm-none-eabi/lib/thumb/v6-m/nofp/libg.a(libc_a-reent.o)
                0x2000097c                errno
 *(COMMON)
                0x20000980                        . = ALIGN (0x4)
                0x20000980                        _ebss = .
                0x20000980                        __bss_end__ = _ebss

._user_heap_stack
                0x20000980      0x600 load address 0x08003000
                0x20000980                        . = ALIGN (0x8)
                [!provide]                        PROVIDE (end = .)
                0x20000980                        PROVIDE (_end = .)
                0x20000b80                        . = (. + _Min_Heap_Size)
 *fill*         0x20000980      0x200 
                0x20000f80                        . = (. + _Min_Stack_Size)
 *fill*         0x20000b80      0x400 
                0x20000f80                        . = ALIGN (0x8)

/DISCARD/
 libc.a(*)
 libm.a(*)
 libgcc.a(*)

.ARM.attributes
                0x00000000       0x28
 *(.ARM.attributes)
 .ARM.attributes
                0x00000000       0x1e /home/kovoya_mint/toolchain_arm/arm-gnu-toolchain-13.2.Rel1-x86_64-arm-none-eabi/bin/../lib/gcc/arm-none-eabi/13.2.1/thumb/v6-m/nofp/crti.o
 .ARM.attributes
                0x0000001e       0x2c /home/kovoya_mint/toolchain_arm/arm-gnu-toolchain-13.2.Rel1-x86_64-arm-none-eabi/bin/../lib/gcc/arm-none-eabi/13.2.1/thumb/v6-m/nofp/crtbegin.o
 .ARM.attributes
                0x0000004a       0x2c CMakeFiles/UART_callbacks.elf.dir/Core/Src/main.c.obj
 .ARM.attributes
                0x00000076       0x2c CMakeFiles/UART_callbacks.elf.dir/Core/Src/stm32f0xx_hal_msp.c.obj
 .ARM.attributes
                0x000000a2       0x2c CMakeFiles/UART_callbacks.elf.dir/Core/Src/stm32f0xx_it.c.obj
 .ARM.attributes
                0x000000ce       0x2c CMakeFiles/UART_callbacks.elf.dir/Core/Src/sysmem.c.obj
 .ARM.attributes
                0x000000fa       0x2c CMakeFiles/UART_callbacks.elf.dir/Core/Src/system_stm32f0xx.c.obj
 .ARM.attributes
                0x00000126       0x21 CMakeFiles/UART_callbacks.elf.dir/Core/Startup/startup_stm32f030r8tx.s.obj
 .ARM.attributes
                0x00000147       0x2c CMakeFiles/UART_callbacks.elf.dir/Drivers/STM32F0xx_HAL_Driver/Src/stm32f0xx_hal.c.obj
 .ARM.attributes
                0x00000173       0x2c CMakeFiles/UART_callbacks.elf.dir/Drivers/STM32F0xx_HAL_Driver/Src/stm32f0xx_hal_cortex.c.obj
 .ARM.attributes
                0x0000019f       0x2c CMakeFiles/UART_callbacks.elf.dir/Drivers/STM32F0xx_HAL_Driver/Src/stm32f0xx_hal_dma.c.obj
 .ARM.attributes
                0x000001cb       0x2c CMakeFiles/UART_callbacks.elf.dir/Drivers/STM32F0xx_HAL_Driver/Src/stm32f0xx_hal_gpio.c.obj
 .ARM.attributes
                0x000001f7       0x2c CMakeFiles/UART_callbacks.elf.dir/Drivers/STM32F0xx_HAL_Driver/Src/stm32f0xx_hal_rcc.c.obj
 .ARM.attributes
                0x00000223       0x2c CMakeFiles/UART_callbacks.elf.dir/Drivers/STM32F0xx_HAL_Driver/Src/stm32f0xx_hal_uart.c.obj
 .ARM.attributes
                0x0000024f       0x1e /home/kovoya_mint/toolchain_arm/arm-gnu-toolchain-13.2.Rel1-x86_64-arm-none-eabi/bin/../lib/gcc/arm-none-eabi/13.2.1/thumb/v6-m/nofp/libgcc.a(_udivsi3.o)
 .ARM.attributes
                0x0000026d       0x1e /home/kovoya_mint/toolchain_arm/arm-gnu-toolchain-13.2.Rel1-x86_64-arm-none-eabi/bin/../lib/gcc/arm-none-eabi/13.2.1/thumb/v6-m/nofp/libgcc.a(_dvmd_tls.o)
 .ARM.attributes
                0x0000028b       0x2c /home/kovoya_mint/toolchain_arm/arm-gnu-toolchain-13.2.Rel1-x86_64-arm-none-eabi/bin/../lib/gcc/arm-none-eabi/13.2.1/../../../../arm-none-eabi/lib/thumb/v6-m/nofp/libg.a(libc_a-errno.o)
 .ARM.attributes
                0x000002b7       0x2c /home/kovoya_mint/toolchain_arm/arm-gnu-toolchain-13.2.Rel1-x86_64-arm-none-eabi/bin/../lib/gcc/arm-none-eabi/13.2.1/../../../../arm-none-eabi/lib/thumb/v6-m/nofp/libg.a(libc_a-malloc.o)
 .ARM.attributes
                0x000002e3       0x2c /home/kovoya_mint/toolchain_arm/arm-gnu-toolchain-13.2.Rel1-x86_64-arm-none-eabi/bin/../lib/gcc/arm-none-eabi/13.2.1/../../../../arm-none-eabi/lib/thumb/v6-m/nofp/libg.a(libc_a-mallocr.o)
 .ARM.attributes
                0x0000030f       0x2c /home/kovoya_mint/toolchain_arm/arm-gnu-toolchain-13.2.Rel1-x86_64-arm-none-eabi/bin/../lib/gcc/arm-none-eabi/13.2.1/../../../../arm-none-eabi/lib/thumb/v6-m/nofp/libg.a(libc_a-__call_atexit.o)
 .ARM.attributes
                0x0000033b       0x2c /home/kovoya_mint/toolchain_arm/arm-gnu-toolchain-13.2.Rel1-x86_64-arm-none-eabi/bin/../lib/gcc/arm-none-eabi/13.2.1/../../../../arm-none-eabi/lib/thumb/v6-m/nofp/libg.a(libc_a-memset.o)
 .ARM.attributes
                0x00000367       0x2c /home/kovoya_mint/toolchain_arm/arm-gnu-toolchain-13.2.Rel1-x86_64-arm-none-eabi/bin/../lib/gcc/arm-none-eabi/13.2.1/../../../../arm-none-eabi/lib/thumb/v6-m/nofp/libg.a(libc_a-init.o)
 .ARM.attributes
                0x00000393       0x2c /home/kovoya_mint/toolchain_arm/arm-gnu-toolchain-13.2.Rel1-x86_64-arm-none-eabi/bin/../lib/gcc/arm-none-eabi/13.2.1/../../../../arm-none-eabi/lib/thumb/v6-m/nofp/libg.a(libc_a-fini.o)
 .ARM.attributes
                0x000003bf       0x2c /home/kovoya_mint/toolchain_arm/arm-gnu-toolchain-13.2.Rel1-x86_64-arm-none-eabi/bin/../lib/gcc/arm-none-eabi/13.2.1/../../../../arm-none-eabi/lib/thumb/v6-m/nofp/libg.a(libc_a-lock.o)
 .ARM.attributes
                0x000003eb       0x2c /home/kovoya_mint/toolchain_arm/arm-gnu-toolchain-13.2.Rel1-x86_64-arm-none-eabi/bin/../lib/gcc/arm-none-eabi/13.2.1/../../../../arm-none-eabi/lib/thumb/v6-m/nofp/libg.a(libc_a-sysconf.o)
 .ARM.attributes
                0x00000417       0x2c /home/kovoya_mint/toolchain_arm/arm-gnu-toolchain-13.2.Rel1-x86_64-arm-none-eabi/bin/../lib/gcc/arm-none-eabi/13.2.1/../../../../arm-none-eabi/lib/thumb/v6-m/nofp/libg.a(libc_a-mlock.o)
 .ARM.attributes
                0x00000443       0x2c /home/kovoya_mint/toolchain_arm/arm-gnu-toolchain-13.2.Rel1-x86_64-arm-none-eabi/bin/../lib/gcc/arm-none-eabi/13.2.1/../../../../arm-none-eabi/lib/thumb/v6-m/nofp/libg.a(libc_a-atexit.o)
 .ARM.attributes
                0x0000046f       0x2c /home/kovoya_mint/toolchain_arm/arm-gnu-toolchain-13.2.Rel1-x86_64-arm-none-eabi/bin/../lib/gcc/arm-none-eabi/13.2.1/../../../../arm-none-eabi/lib/thumb/v6-m/nofp/libg.a(libc_a-impure.o)
 .ARM.attributes
                0x0000049b       0x2c /home/kovoya_mint/toolchain_arm/arm-gnu-toolchain-13.2.Rel1-x86_64-arm-none-eabi/bin/../lib/gcc/arm-none-eabi/13.2.1/../../../../arm-none-eabi/lib/thumb/v6-m/nofp/libg.a(libc_a-findfp.o)
 .ARM.attributes
                0x000004c7       0x2c /home/kovoya_mint/toolchain_arm/arm-gnu-toolchain-13.2.Rel1-x86_64-arm-none-eabi/bin/../lib/gcc/arm-none-eabi/13.2.1/../../../../arm-none-eabi/lib/thumb/v6-m/nofp/libg.a(libc_a-memcpy-stub.o)
 .ARM.attributes
                0x000004f3       0x2c /home/kovoya_mint/toolchain_arm/arm-gnu-toolchain-13.2.Rel1-x86_64-arm-none-eabi/bin/../lib/gcc/arm-none-eabi/13.2.1/../../../../arm-none-eabi/lib/thumb/v6-m/nofp/libg.a(libc_a-freer.o)
 .ARM.attributes
                0x0000051f       0x2c /home/kovoya_mint/toolchain_arm/arm-gnu-toolchain-13.2.Rel1-x86_64-arm-none-eabi/bin/../lib/gcc/arm-none-eabi/13.2.1/../../../../arm-none-eabi/lib/thumb/v6-m/nofp/libg.a(libc_a-sbrkr.o)
 .ARM.attributes
                0x0000054b       0x2c /home/kovoya_mint/toolchain_arm/arm-gnu-toolchain-13.2.Rel1-x86_64-arm-none-eabi/bin/../lib/gcc/arm-none-eabi/13.2.1/../../../../arm-none-eabi/lib/thumb/v6-m/nofp/libg.a(libc_a-__atexit.o)
 .ARM.attributes
                0x00000577       0x2c /home/kovoya_mint/toolchain_arm/arm-gnu-toolchain-13.2.Rel1-x86_64-arm-none-eabi/bin/../lib/gcc/arm-none-eabi/13.2.1/../../../../arm-none-eabi/lib/thumb/v6-m/nofp/libg.a(libc_a-reent.o)
 .ARM.attributes
                0x000005a3       0x2c /home/kovoya_mint/toolchain_arm/arm-gnu-toolchain-13.2.Rel1-x86_64-arm-none-eabi/bin/../lib/gcc/arm-none-eabi/13.2.1/thumb/v6-m/nofp/crtend.o
 .ARM.attributes
                0x000005cf       0x1e /home/kovoya_mint/toolchain_arm/arm-gnu-toolchain-13.2.Rel1-x86_64-arm-none-eabi/bin/../lib/gcc/arm-none-eabi/13.2.1/thumb/v6-m/nofp/crtn.o
OUTPUT(UART_callbacks.elf elf32-littlearm)
LOAD linker stubs
LOAD /home/kovoya_mint/toolchain_arm/arm-gnu-toolchain-13.2.Rel1-x86_64-arm-none-eabi/bin/../lib/gcc/arm-none-eabi/13.2.1/../../../../arm-none-eabi/lib/thumb/v6-m/nofp/libc.a
LOAD /home/kovoya_mint/toolchain_arm/arm-gnu-toolchain-13.2.Rel1-x86_64-arm-none-eabi/bin/../lib/gcc/arm-none-eabi/13.2.1/../../../../arm-none-eabi/lib/thumb/v6-m/nofp/libm.a
LOAD /home/kovoya_mint/toolchain_arm/arm-gnu-toolchain-13.2.Rel1-x86_64-arm-none-eabi/bin/../lib/gcc/arm-none-eabi/13.2.1/thumb/v6-m/nofp/libgcc.a

.debug_info     0x00000000     0xa511
 .debug_info    0x00000000     0x154d CMakeFiles/UART_callbacks.elf.dir/Core/Src/main.c.obj
 .debug_info    0x0000154d      0xbf3 CMakeFiles/UART_callbacks.elf.dir/Core/Src/stm32f0xx_hal_msp.c.obj
 .debug_info    0x00002140      0x7b5 CMakeFiles/UART_callbacks.elf.dir/Core/Src/stm32f0xx_it.c.obj
 .debug_info    0x000028f5      0x17b CMakeFiles/UART_callbacks.elf.dir/Core/Src/sysmem.c.obj
 .debug_info    0x00002a70      0x264 CMakeFiles/UART_callbacks.elf.dir/Core/Src/system_stm32f0xx.c.obj
 .debug_info    0x00002cd4       0x30 CMakeFiles/UART_callbacks.elf.dir/Core/Startup/startup_stm32f030r8tx.s.obj
 .debug_info    0x00002d04      0x713 CMakeFiles/UART_callbacks.elf.dir/Drivers/STM32F0xx_HAL_Driver/Src/stm32f0xx_hal.c.obj
 .debug_info    0x00003417      0x7db CMakeFiles/UART_callbacks.elf.dir/Drivers/STM32F0xx_HAL_Driver/Src/stm32f0xx_hal_cortex.c.obj
 .debug_info    0x00003bf2      0x85a CMakeFiles/UART_callbacks.elf.dir/Drivers/STM32F0xx_HAL_Driver/Src/stm32f0xx_hal_dma.c.obj
 .debug_info    0x0000444c      0x5fb CMakeFiles/UART_callbacks.elf.dir/Drivers/STM32F0xx_HAL_Driver/Src/stm32f0xx_hal_gpio.c.obj
 .debug_info    0x00004a47      0xa3a CMakeFiles/UART_callbacks.elf.dir/Drivers/STM32F0xx_HAL_Driver/Src/stm32f0xx_hal_rcc.c.obj
 .debug_info    0x00005481     0x5090 CMakeFiles/UART_callbacks.elf.dir/Drivers/STM32F0xx_HAL_Driver/Src/stm32f0xx_hal_uart.c.obj

.debug_abbrev   0x00000000     0x188c
 .debug_abbrev  0x00000000      0x35f CMakeFiles/UART_callbacks.elf.dir/Core/Src/main.c.obj
 .debug_abbrev  0x0000035f      0x226 CMakeFiles/UART_callbacks.elf.dir/Core/Src/stm32f0xx_hal_msp.c.obj
 .debug_abbrev  0x00000585      0x18f CMakeFiles/UART_callbacks.elf.dir/Core/Src/stm32f0xx_it.c.obj
 .debug_abbrev  0x00000714       0xe9 CMakeFiles/UART_callbacks.elf.dir/Core/Src/sysmem.c.obj
 .debug_abbrev  0x000007fd      0x136 CMakeFiles/UART_callbacks.elf.dir/Core/Src/system_stm32f0xx.c.obj
 .debug_abbrev  0x00000933       0x24 CMakeFiles/UART_callbacks.elf.dir/Core/Startup/startup_stm32f030r8tx.s.obj
 .debug_abbrev  0x00000957      0x269 CMakeFiles/UART_callbacks.elf.dir/Drivers/STM32F0xx_HAL_Driver/Src/stm32f0xx_hal.c.obj
 .debug_abbrev  0x00000bc0      0x2ec CMakeFiles/UART_callbacks.elf.dir/Drivers/STM32F0xx_HAL_Driver/Src/stm32f0xx_hal_cortex.c.obj
 .debug_abbrev  0x00000eac      0x1f6 CMakeFiles/UART_callbacks.elf.dir/Drivers/STM32F0xx_HAL_Driver/Src/stm32f0xx_hal_dma.c.obj
 .debug_abbrev  0x000010a2      0x1f6 CMakeFiles/UART_callbacks.elf.dir/Drivers/STM32F0xx_HAL_Driver/Src/stm32f0xx_hal_gpio.c.obj
 .debug_abbrev  0x00001298      0x29c CMakeFiles/UART_callbacks.elf.dir/Drivers/STM32F0xx_HAL_Driver/Src/stm32f0xx_hal_rcc.c.obj
 .debug_abbrev  0x00001534      0x358 CMakeFiles/UART_callbacks.elf.dir/Drivers/STM32F0xx_HAL_Driver/Src/stm32f0xx_hal_uart.c.obj

.debug_loclists
                0x00000000     0x3e0c
 .debug_loclists
                0x00000000      0x3ca CMakeFiles/UART_callbacks.elf.dir/Core/Src/main.c.obj
 .debug_loclists
                0x000003ca       0x6a CMakeFiles/UART_callbacks.elf.dir/Core/Src/stm32f0xx_hal_msp.c.obj
 .debug_loclists
                0x00000434       0x6d CMakeFiles/UART_callbacks.elf.dir/Core/Src/sysmem.c.obj
 .debug_loclists
                0x000004a1       0xf5 CMakeFiles/UART_callbacks.elf.dir/Core/Src/system_stm32f0xx.c.obj
 .debug_loclists
                0x00000596       0xe1 CMakeFiles/UART_callbacks.elf.dir/Drivers/STM32F0xx_HAL_Driver/Src/stm32f0xx_hal.c.obj
 .debug_loclists
                0x00000677      0x208 CMakeFiles/UART_callbacks.elf.dir/Drivers/STM32F0xx_HAL_Driver/Src/stm32f0xx_hal_cortex.c.obj
 .debug_loclists
                0x0000087f      0x642 CMakeFiles/UART_callbacks.elf.dir/Drivers/STM32F0xx_HAL_Driver/Src/stm32f0xx_hal_dma.c.obj
 .debug_loclists
                0x00000ec1      0x28d CMakeFiles/UART_callbacks.elf.dir/Drivers/STM32F0xx_HAL_Driver/Src/stm32f0xx_hal_gpio.c.obj
 .debug_loclists
                0x0000114e      0x41c CMakeFiles/UART_callbacks.elf.dir/Drivers/STM32F0xx_HAL_Driver/Src/stm32f0xx_hal_rcc.c.obj
 .debug_loclists
                0x0000156a     0x28a2 CMakeFiles/UART_callbacks.elf.dir/Drivers/STM32F0xx_HAL_Driver/Src/stm32f0xx_hal_uart.c.obj

.debug_aranges  0x00000000      0x690
 .debug_aranges
                0x00000000       0x98 CMakeFiles/UART_callbacks.elf.dir/Core/Src/main.c.obj
 .debug_aranges
                0x00000098       0x30 CMakeFiles/UART_callbacks.elf.dir/Core/Src/stm32f0xx_hal_msp.c.obj
 .debug_aranges
                0x000000c8       0x50 CMakeFiles/UART_callbacks.elf.dir/Core/Src/stm32f0xx_it.c.obj
 .debug_aranges
                0x00000118       0x20 CMakeFiles/UART_callbacks.elf.dir/Core/Src/sysmem.c.obj
 .debug_aranges
                0x00000138       0x28 CMakeFiles/UART_callbacks.elf.dir/Core/Src/system_stm32f0xx.c.obj
 .debug_aranges
                0x00000160       0x28 CMakeFiles/UART_callbacks.elf.dir/Core/Startup/startup_stm32f030r8tx.s.obj
 .debug_aranges
                0x00000188       0xd0 CMakeFiles/UART_callbacks.elf.dir/Drivers/STM32F0xx_HAL_Driver/Src/stm32f0xx_hal.c.obj
 .debug_aranges
                0x00000258       0x98 CMakeFiles/UART_callbacks.elf.dir/Drivers/STM32F0xx_HAL_Driver/Src/stm32f0xx_hal_cortex.c.obj
 .debug_aranges
                0x000002f0       0x88 CMakeFiles/UART_callbacks.elf.dir/Drivers/STM32F0xx_HAL_Driver/Src/stm32f0xx_hal_dma.c.obj
 .debug_aranges
                0x00000378       0x58 CMakeFiles/UART_callbacks.elf.dir/Drivers/STM32F0xx_HAL_Driver/Src/stm32f0xx_hal_gpio.c.obj
 .debug_aranges
                0x000003d0       0x80 CMakeFiles/UART_callbacks.elf.dir/Drivers/STM32F0xx_HAL_Driver/Src/stm32f0xx_hal_rcc.c.obj
 .debug_aranges
                0x00000450      0x240 CMakeFiles/UART_callbacks.elf.dir/Drivers/STM32F0xx_HAL_Driver/Src/stm32f0xx_hal_uart.c.obj

.debug_rnglists
                0x00000000      0x52e
 .debug_rnglists
                0x00000000       0x7b CMakeFiles/UART_callbacks.elf.dir/Core/Src/main.c.obj
 .debug_rnglists
                0x0000007b       0x20 CMakeFiles/UART_callbacks.elf.dir/Core/Src/stm32f0xx_hal_msp.c.obj
 .debug_rnglists
                0x0000009b       0x37 CMakeFiles/UART_callbacks.elf.dir/Core/Src/stm32f0xx_it.c.obj
 .debug_rnglists
                0x000000d2       0x13 CMakeFiles/UART_callbacks.elf.dir/Core/Src/sysmem.c.obj
 .debug_rnglists
                0x000000e5       0x1a CMakeFiles/UART_callbacks.elf.dir/Core/Src/system_stm32f0xx.c.obj
 .debug_rnglists
                0x000000ff       0x19 CMakeFiles/UART_callbacks.elf.dir/Core/Startup/startup_stm32f030r8tx.s.obj
 .debug_rnglists
                0x00000118       0x97 CMakeFiles/UART_callbacks.elf.dir/Drivers/STM32F0xx_HAL_Driver/Src/stm32f0xx_hal.c.obj
 .debug_rnglists
                0x000001af       0x79 CMakeFiles/UART_callbacks.elf.dir/Drivers/STM32F0xx_HAL_Driver/Src/stm32f0xx_hal_cortex.c.obj
 .debug_rnglists
                0x00000228       0x63 CMakeFiles/UART_callbacks.elf.dir/Drivers/STM32F0xx_HAL_Driver/Src/stm32f0xx_hal_dma.c.obj
 .debug_rnglists
                0x0000028b       0x3f CMakeFiles/UART_callbacks.elf.dir/Drivers/STM32F0xx_HAL_Driver/Src/stm32f0xx_hal_gpio.c.obj
 .debug_rnglists
                0x000002ca       0x6e CMakeFiles/UART_callbacks.elf.dir/Drivers/STM32F0xx_HAL_Driver/Src/stm32f0xx_hal_rcc.c.obj
 .debug_rnglists
                0x00000338      0x1f6 CMakeFiles/UART_callbacks.elf.dir/Drivers/STM32F0xx_HAL_Driver/Src/stm32f0xx_hal_uart.c.obj

.debug_line     0x00000000     0x8511
 .debug_line    0x00000000      0x9a4 CMakeFiles/UART_callbacks.elf.dir/Core/Src/main.c.obj
 .debug_line    0x000009a4      0x3ef CMakeFiles/UART_callbacks.elf.dir/Core/Src/stm32f0xx_hal_msp.c.obj
 .debug_line    0x00000d93      0x30f CMakeFiles/UART_callbacks.elf.dir/Core/Src/stm32f0xx_it.c.obj
 .debug_line    0x000010a2      0x257 CMakeFiles/UART_callbacks.elf.dir/Core/Src/sysmem.c.obj
 .debug_line    0x000012f9      0x2a4 CMakeFiles/UART_callbacks.elf.dir/Core/Src/system_stm32f0xx.c.obj
 .debug_line    0x0000159d       0x7b CMakeFiles/UART_callbacks.elf.dir/Core/Startup/startup_stm32f030r8tx.s.obj
 .debug_line    0x00001618      0x5f9 CMakeFiles/UART_callbacks.elf.dir/Drivers/STM32F0xx_HAL_Driver/Src/stm32f0xx_hal.c.obj
 .debug_line    0x00001c11      0x5dd CMakeFiles/UART_callbacks.elf.dir/Drivers/STM32F0xx_HAL_Driver/Src/stm32f0xx_hal_cortex.c.obj
 .debug_line    0x000021ee      0xafa CMakeFiles/UART_callbacks.elf.dir/Drivers/STM32F0xx_HAL_Driver/Src/stm32f0xx_hal_dma.c.obj
 .debug_line    0x00002ce8      0x754 CMakeFiles/UART_callbacks.elf.dir/Drivers/STM32F0xx_HAL_Driver/Src/stm32f0xx_hal_gpio.c.obj
 .debug_line    0x0000343c      0xcd8 CMakeFiles/UART_callbacks.elf.dir/Drivers/STM32F0xx_HAL_Driver/Src/stm32f0xx_hal_rcc.c.obj
 .debug_line    0x00004114     0x43fd CMakeFiles/UART_callbacks.elf.dir/Drivers/STM32F0xx_HAL_Driver/Src/stm32f0xx_hal_uart.c.obj

.debug_str      0x00000000     0x23c5
 .debug_str     0x00000000     0x23c5 CMakeFiles/UART_callbacks.elf.dir/Core/Src/main.c.obj
                                0xef7 (size before relaxing)
 .debug_str     0x000023c5      0xa52 CMakeFiles/UART_callbacks.elf.dir/Core/Src/stm32f0xx_hal_msp.c.obj
 .debug_str     0x000023c5      0x7a3 CMakeFiles/UART_callbacks.elf.dir/Core/Src/stm32f0xx_it.c.obj
 .debug_str     0x000023c5      0x25f CMakeFiles/UART_callbacks.elf.dir/Core/Src/sysmem.c.obj
 .debug_str     0x000023c5      0x2c4 CMakeFiles/UART_callbacks.elf.dir/Core/Src/system_stm32f0xx.c.obj
 .debug_str     0x000023c5       0xab CMakeFiles/UART_callbacks.elf.dir/Core/Startup/startup_stm32f030r8tx.s.obj
 .debug_str     0x000023c5      0x6fa CMakeFiles/UART_callbacks.elf.dir/Drivers/STM32F0xx_HAL_Driver/Src/stm32f0xx_hal.c.obj
 .debug_str     0x000023c5      0x63b CMakeFiles/UART_callbacks.elf.dir/Drivers/STM32F0xx_HAL_Driver/Src/stm32f0xx_hal_cortex.c.obj
 .debug_str     0x000023c5      0x66a CMakeFiles/UART_callbacks.elf.dir/Drivers/STM32F0xx_HAL_Driver/Src/stm32f0xx_hal_dma.c.obj
 .debug_str     0x000023c5      0x447 CMakeFiles/UART_callbacks.elf.dir/Drivers/STM32F0xx_HAL_Driver/Src/stm32f0xx_hal_gpio.c.obj
 .debug_str     0x000023c5      0x6a8 CMakeFiles/UART_callbacks.elf.dir/Drivers/STM32F0xx_HAL_Driver/Src/stm32f0xx_hal_rcc.c.obj
 .debug_str     0x000023c5     0x11e8 CMakeFiles/UART_callbacks.elf.dir/Drivers/STM32F0xx_HAL_Driver/Src/stm32f0xx_hal_uart.c.obj

.comment        0x00000000       0x44
 .comment       0x00000000       0x44 CMakeFiles/UART_callbacks.elf.dir/Core/Src/main.c.obj
                                 0x45 (size before relaxing)
 .comment       0x00000044       0x45 CMakeFiles/UART_callbacks.elf.dir/Core/Src/stm32f0xx_hal_msp.c.obj
 .comment       0x00000044       0x45 CMakeFiles/UART_callbacks.elf.dir/Core/Src/stm32f0xx_it.c.obj
 .comment       0x00000044       0x45 CMakeFiles/UART_callbacks.elf.dir/Core/Src/sysmem.c.obj
 .comment       0x00000044       0x45 CMakeFiles/UART_callbacks.elf.dir/Core/Src/system_stm32f0xx.c.obj
 .comment       0x00000044       0x45 CMakeFiles/UART_callbacks.elf.dir/Drivers/STM32F0xx_HAL_Driver/Src/stm32f0xx_hal.c.obj
 .comment       0x00000044       0x45 CMakeFiles/UART_callbacks.elf.dir/Drivers/STM32F0xx_HAL_Driver/Src/stm32f0xx_hal_cortex.c.obj
 .comment       0x00000044       0x45 CMakeFiles/UART_callbacks.elf.dir/Drivers/STM32F0xx_HAL_Driver/Src/stm32f0xx_hal_dma.c.obj
 .comment       0x00000044       0x45 CMakeFiles/UART_callbacks.elf.dir/Drivers/STM32F0xx_HAL_Driver/Src/stm32f0xx_hal_gpio.c.obj
 .comment       0x00000044       0x45 CMakeFiles/UART_callbacks.elf.dir/Drivers/STM32F0xx_HAL_Driver/Src/stm32f0xx_hal_rcc.c.obj
 .comment       0x00000044       0x45 CMakeFiles/UART_callbacks.elf.dir/Drivers/STM32F0xx_HAL_Driver/Src/stm32f0xx_hal_uart.c.obj

.debug_frame    0x00000000     0x14a0
 .debug_frame   0x00000000      0x18c CMakeFiles/UART_callbacks.elf.dir/Core/Src/main.c.obj
 .debug_frame   0x0000018c       0x58 CMakeFiles/UART_callbacks.elf.dir/Core/Src/stm32f0xx_hal_msp.c.obj
 .debug_frame   0x000001e4       0x98 CMakeFiles/UART_callbacks.elf.dir/Core/Src/stm32f0xx_it.c.obj
 .debug_frame   0x0000027c       0x28 CMakeFiles/UART_callbacks.elf.dir/Core/Src/sysmem.c.obj
 .debug_frame   0x000002a4       0x38 CMakeFiles/UART_callbacks.elf.dir/Core/Src/system_stm32f0xx.c.obj
 .debug_frame   0x000002dc      0x1ac CMakeFiles/UART_callbacks.elf.dir/Drivers/STM32F0xx_HAL_Driver/Src/stm32f0xx_hal.c.obj
 .debug_frame   0x00000488      0x144 CMakeFiles/UART_callbacks.elf.dir/Drivers/STM32F0xx_HAL_Driver/Src/stm32f0xx_hal_cortex.c.obj
 .debug_frame   0x000005cc      0x168 CMakeFiles/UART_callbacks.elf.dir/Drivers/STM32F0xx_HAL_Driver/Src/stm32f0xx_hal_dma.c.obj
 .debug_frame   0x00000734       0xc0 CMakeFiles/UART_callbacks.elf.dir/Drivers/STM32F0xx_HAL_Driver/Src/stm32f0xx_hal_gpio.c.obj
 .debug_frame   0x000007f4      0x134 CMakeFiles/UART_callbacks.elf.dir/Drivers/STM32F0xx_HAL_Driver/Src/stm32f0xx_hal_rcc.c.obj
 .debug_frame   0x00000928      0x64c CMakeFiles/UART_callbacks.elf.dir/Drivers/STM32F0xx_HAL_Driver/Src/stm32f0xx_hal_uart.c.obj
 .debug_frame   0x00000f74       0x20 /home/kovoya_mint/toolchain_arm/arm-gnu-toolchain-13.2.Rel1-x86_64-arm-none-eabi/bin/../lib/gcc/arm-none-eabi/13.2.1/thumb/v6-m/nofp/libgcc.a(_udivsi3.o)
 .debug_frame   0x00000f94       0x20 /home/kovoya_mint/toolchain_arm/arm-gnu-toolchain-13.2.Rel1-x86_64-arm-none-eabi/bin/../lib/gcc/arm-none-eabi/13.2.1/../../../../arm-none-eabi/lib/thumb/v6-m/nofp/libg.a(libc_a-errno.o)
 .debug_frame   0x00000fb4       0x40 /home/kovoya_mint/toolchain_arm/arm-gnu-toolchain-13.2.Rel1-x86_64-arm-none-eabi/bin/../lib/gcc/arm-none-eabi/13.2.1/../../../../arm-none-eabi/lib/thumb/v6-m/nofp/libg.a(libc_a-malloc.o)
 .debug_frame   0x00000ff4       0x3c /home/kovoya_mint/toolchain_arm/arm-gnu-toolchain-13.2.Rel1-x86_64-arm-none-eabi/bin/../lib/gcc/arm-none-eabi/13.2.1/../../../../arm-none-eabi/lib/thumb/v6-m/nofp/libg.a(libc_a-mallocr.o)
 .debug_frame   0x00001030       0x54 /home/kovoya_mint/toolchain_arm/arm-gnu-toolchain-13.2.Rel1-x86_64-arm-none-eabi/bin/../lib/gcc/arm-none-eabi/13.2.1/../../../../arm-none-eabi/lib/thumb/v6-m/nofp/libg.a(libc_a-__call_atexit.o)
 .debug_frame   0x00001084       0x30 /home/kovoya_mint/toolchain_arm/arm-gnu-toolchain-13.2.Rel1-x86_64-arm-none-eabi/bin/../lib/gcc/arm-none-eabi/13.2.1/../../../../arm-none-eabi/lib/thumb/v6-m/nofp/libg.a(libc_a-memset.o)
 .debug_frame   0x000010b4       0x2c /home/kovoya_mint/toolchain_arm/arm-gnu-toolchain-13.2.Rel1-x86_64-arm-none-eabi/bin/../lib/gcc/arm-none-eabi/13.2.1/../../../../arm-none-eabi/lib/thumb/v6-m/nofp/libg.a(libc_a-init.o)
 .debug_frame   0x000010e0       0x2c /home/kovoya_mint/toolchain_arm/arm-gnu-toolchain-13.2.Rel1-x86_64-arm-none-eabi/bin/../lib/gcc/arm-none-eabi/13.2.1/../../../../arm-none-eabi/lib/thumb/v6-m/nofp/libg.a(libc_a-fini.o)
 .debug_frame   0x0000110c       0xb0 /home/kovoya_mint/toolchain_arm/arm-gnu-toolchain-13.2.Rel1-x86_64-arm-none-eabi/bin/../lib/gcc/arm-none-eabi/13.2.1/../../../../arm-none-eabi/lib/thumb/v6-m/nofp/libg.a(libc_a-lock.o)
 .debug_frame   0x000011bc       0x28 /home/kovoya_mint/toolchain_arm/arm-gnu-toolchain-13.2.Rel1-x86_64-arm-none-eabi/bin/../lib/gcc/arm-none-eabi/13.2.1/../../../../arm-none-eabi/lib/thumb/v6-m/nofp/libg.a(libc_a-sysconf.o)
 .debug_frame   0x000011e4       0x40 /home/kovoya_mint/toolchain_arm/arm-gnu-toolchain-13.2.Rel1-x86_64-arm-none-eabi/bin/../lib/gcc/arm-none-eabi/13.2.1/../../../../arm-none-eabi/lib/thumb/v6-m/nofp/libg.a(libc_a-mlock.o)
 .debug_frame   0x00001224       0x28 /home/kovoya_mint/toolchain_arm/arm-gnu-toolchain-13.2.Rel1-x86_64-arm-none-eabi/bin/../lib/gcc/arm-none-eabi/13.2.1/../../../../arm-none-eabi/lib/thumb/v6-m/nofp/libg.a(libc_a-atexit.o)
 .debug_frame   0x0000124c      0x138 /home/kovoya_mint/toolchain_arm/arm-gnu-toolchain-13.2.Rel1-x86_64-arm-none-eabi/bin/../lib/gcc/arm-none-eabi/13.2.1/../../../../arm-none-eabi/lib/thumb/v6-m/nofp/libg.a(libc_a-findfp.o)
 .debug_frame   0x00001384       0x30 /home/kovoya_mint/toolchain_arm/arm-gnu-toolchain-13.2.Rel1-x86_64-arm-none-eabi/bin/../lib/gcc/arm-none-eabi/13.2.1/../../../../arm-none-eabi/lib/thumb/v6-m/nofp/libg.a(libc_a-memcpy-stub.o)
 .debug_frame   0x000013b4       0x5c /home/kovoya_mint/toolchain_arm/arm-gnu-toolchain-13.2.Rel1-x86_64-arm-none-eabi/bin/../lib/gcc/arm-none-eabi/13.2.1/../../../../arm-none-eabi/lib/thumb/v6-m/nofp/libg.a(libc_a-freer.o)
 .debug_frame   0x00001410       0x2c /home/kovoya_mint/toolchain_arm/arm-gnu-toolchain-13.2.Rel1-x86_64-arm-none-eabi/bin/../lib/gcc/arm-none-eabi/13.2.1/../../../../arm-none-eabi/lib/thumb/v6-m/nofp/libg.a(libc_a-sbrkr.o)
 .debug_frame   0x0000143c       0x38 /home/kovoya_mint/toolchain_arm/arm-gnu-toolchain-13.2.Rel1-x86_64-arm-none-eabi/bin/../lib/gcc/arm-none-eabi/13.2.1/../../../../arm-none-eabi/lib/thumb/v6-m/nofp/libg.a(libc_a-__atexit.o)
 .debug_frame   0x00001474       0x2c /home/kovoya_mint/toolchain_arm/arm-gnu-toolchain-13.2.Rel1-x86_64-arm-none-eabi/bin/../lib/gcc/arm-none-eabi/13.2.1/../../../../arm-none-eabi/lib/thumb/v6-m/nofp/libg.a(libc_a-reent.o)

.debug_line_str
                0x00000000      0x151
 .debug_line_str
                0x00000000      0x151 CMakeFiles/UART_callbacks.elf.dir/Core/Startup/startup_stm32f030r8tx.s.obj
                                 0x8f (size before relaxing)
 .debug_line_str
                0x00000151       0xc2 /home/kovoya_mint/toolchain_arm/arm-gnu-toolchain-13.2.Rel1-x86_64-arm-none-eabi/bin/../lib/gcc/arm-none-eabi/13.2.1/thumb/v6-m/nofp/libgcc.a(_udivsi3.o)
 .debug_line_str
                0x00000151       0xc2 /home/kovoya_mint/toolchain_arm/arm-gnu-toolchain-13.2.Rel1-x86_64-arm-none-eabi/bin/../lib/gcc/arm-none-eabi/13.2.1/thumb/v6-m/nofp/libgcc.a(_dvmd_tls.o)
